Archive member included to satisfy reference by file (symbol)

C:/ST/STM32CubeIDE_1.16.0/STM32CubeIDE/plugins/com.st.stm32cube.ide.mcu.externaltools.gnu-tools-for-stm32.12.3.rel1.win32_1.0.200.202406191623/tools/bin/../lib/gcc/arm-none-eabi/12.3.1/../../../../arm-none-eabi/lib/thumb/v7e-m+fp/hard\libc_nano.a(libc_a-exit.o)
                              C:/ST/STM32CubeIDE_1.16.0/STM32CubeIDE/plugins/com.st.stm32cube.ide.mcu.externaltools.gnu-tools-for-stm32.12.3.rel1.win32_1.0.200.202406191623/tools/bin/../lib/gcc/arm-none-eabi/12.3.1/../../../../arm-none-eabi/lib/thumb/v7e-m+fp/hard/crt0.o (exit)
C:/ST/STM32CubeIDE_1.16.0/STM32CubeIDE/plugins/com.st.stm32cube.ide.mcu.externaltools.gnu-tools-for-stm32.12.3.rel1.win32_1.0.200.202406191623/tools/bin/../lib/gcc/arm-none-eabi/12.3.1/../../../../arm-none-eabi/lib/thumb/v7e-m+fp/hard\libc_nano.a(libc_a-findfp.o)
                              C:/ST/STM32CubeIDE_1.16.0/STM32CubeIDE/plugins/com.st.stm32cube.ide.mcu.externaltools.gnu-tools-for-stm32.12.3.rel1.win32_1.0.200.202406191623/tools/bin/../lib/gcc/arm-none-eabi/12.3.1/../../../../arm-none-eabi/lib/thumb/v7e-m+fp/hard\libc_nano.a(libc_a-exit.o) (__stdio_exit_handler)
C:/ST/STM32CubeIDE_1.16.0/STM32CubeIDE/plugins/com.st.stm32cube.ide.mcu.externaltools.gnu-tools-for-stm32.12.3.rel1.win32_1.0.200.202406191623/tools/bin/../lib/gcc/arm-none-eabi/12.3.1/../../../../arm-none-eabi/lib/thumb/v7e-m+fp/hard\libc_nano.a(libc_a-fwalk.o)
                              C:/ST/STM32CubeIDE_1.16.0/STM32CubeIDE/plugins/com.st.stm32cube.ide.mcu.externaltools.gnu-tools-for-stm32.12.3.rel1.win32_1.0.200.202406191623/tools/bin/../lib/gcc/arm-none-eabi/12.3.1/../../../../arm-none-eabi/lib/thumb/v7e-m+fp/hard\libc_nano.a(libc_a-findfp.o) (_fwalk_sglue)
C:/ST/STM32CubeIDE_1.16.0/STM32CubeIDE/plugins/com.st.stm32cube.ide.mcu.externaltools.gnu-tools-for-stm32.12.3.rel1.win32_1.0.200.202406191623/tools/bin/../lib/gcc/arm-none-eabi/12.3.1/../../../../arm-none-eabi/lib/thumb/v7e-m+fp/hard\libc_nano.a(libc_a-stdio.o)
                              C:/ST/STM32CubeIDE_1.16.0/STM32CubeIDE/plugins/com.st.stm32cube.ide.mcu.externaltools.gnu-tools-for-stm32.12.3.rel1.win32_1.0.200.202406191623/tools/bin/../lib/gcc/arm-none-eabi/12.3.1/../../../../arm-none-eabi/lib/thumb/v7e-m+fp/hard\libc_nano.a(libc_a-findfp.o) (__sread)
C:/ST/STM32CubeIDE_1.16.0/STM32CubeIDE/plugins/com.st.stm32cube.ide.mcu.externaltools.gnu-tools-for-stm32.12.3.rel1.win32_1.0.200.202406191623/tools/bin/../lib/gcc/arm-none-eabi/12.3.1/../../../../arm-none-eabi/lib/thumb/v7e-m+fp/hard\libc_nano.a(libc_a-memset.o)
                              C:/ST/STM32CubeIDE_1.16.0/STM32CubeIDE/plugins/com.st.stm32cube.ide.mcu.externaltools.gnu-tools-for-stm32.12.3.rel1.win32_1.0.200.202406191623/tools/bin/../lib/gcc/arm-none-eabi/12.3.1/../../../../arm-none-eabi/lib/thumb/v7e-m+fp/hard/crt0.o (memset)
C:/ST/STM32CubeIDE_1.16.0/STM32CubeIDE/plugins/com.st.stm32cube.ide.mcu.externaltools.gnu-tools-for-stm32.12.3.rel1.win32_1.0.200.202406191623/tools/bin/../lib/gcc/arm-none-eabi/12.3.1/../../../../arm-none-eabi/lib/thumb/v7e-m+fp/hard\libc_nano.a(libc_a-closer.o)
                              C:/ST/STM32CubeIDE_1.16.0/STM32CubeIDE/plugins/com.st.stm32cube.ide.mcu.externaltools.gnu-tools-for-stm32.12.3.rel1.win32_1.0.200.202406191623/tools/bin/../lib/gcc/arm-none-eabi/12.3.1/../../../../arm-none-eabi/lib/thumb/v7e-m+fp/hard\libc_nano.a(libc_a-stdio.o) (_close_r)
C:/ST/STM32CubeIDE_1.16.0/STM32CubeIDE/plugins/com.st.stm32cube.ide.mcu.externaltools.gnu-tools-for-stm32.12.3.rel1.win32_1.0.200.202406191623/tools/bin/../lib/gcc/arm-none-eabi/12.3.1/../../../../arm-none-eabi/lib/thumb/v7e-m+fp/hard\libc_nano.a(libc_a-reent.o)
                              C:/ST/STM32CubeIDE_1.16.0/STM32CubeIDE/plugins/com.st.stm32cube.ide.mcu.externaltools.gnu-tools-for-stm32.12.3.rel1.win32_1.0.200.202406191623/tools/bin/../lib/gcc/arm-none-eabi/12.3.1/../../../../arm-none-eabi/lib/thumb/v7e-m+fp/hard\libc_nano.a(libc_a-closer.o) (errno)
C:/ST/STM32CubeIDE_1.16.0/STM32CubeIDE/plugins/com.st.stm32cube.ide.mcu.externaltools.gnu-tools-for-stm32.12.3.rel1.win32_1.0.200.202406191623/tools/bin/../lib/gcc/arm-none-eabi/12.3.1/../../../../arm-none-eabi/lib/thumb/v7e-m+fp/hard\libc_nano.a(libc_a-impure.o)
                              C:/ST/STM32CubeIDE_1.16.0/STM32CubeIDE/plugins/com.st.stm32cube.ide.mcu.externaltools.gnu-tools-for-stm32.12.3.rel1.win32_1.0.200.202406191623/tools/bin/../lib/gcc/arm-none-eabi/12.3.1/../../../../arm-none-eabi/lib/thumb/v7e-m+fp/hard\libc_nano.a(libc_a-reent.o) (_impure_ptr)
C:/ST/STM32CubeIDE_1.16.0/STM32CubeIDE/plugins/com.st.stm32cube.ide.mcu.externaltools.gnu-tools-for-stm32.12.3.rel1.win32_1.0.200.202406191623/tools/bin/../lib/gcc/arm-none-eabi/12.3.1/../../../../arm-none-eabi/lib/thumb/v7e-m+fp/hard\libc_nano.a(libc_a-lseekr.o)
[...]
Memory Configuration

Name             Origin             Length             Attributes
RAM              0x20000000         0x00020000         xrw
FLASH            0x08000000         0x00080000         xr
*default*        0x00000000         0xffffffff

Linker script and memory map

LOAD C:/ST/STM32CubeIDE_1.16.0/STM32CubeIDE/plugins/com.st.stm32cube.ide.mcu.externaltools.gnu-tools-for-stm32.12.3.rel1.win32_1.0.200.202406191623/tools/bin/../lib/gcc/arm-none-eabi/12.3.1/thumb/v7e-m+fp/hard/crti.o
LOAD C:/ST/STM32CubeIDE_1.16.0/STM32CubeIDE/plugins/com.st.stm32cube.ide.mcu.externaltools.gnu-tools-for-stm32.12.3.rel1.win32_1.0.200.202406191623/tools/bin/../lib/gcc/arm-none-eabi/12.3.1/thumb/v7e-m+fp/hard/crtbegin.o
LOAD C:/ST/STM32CubeIDE_1.16.0/STM32CubeIDE/plugins/com.st.stm32cube.ide.mcu.externaltools.gnu-tools-for-stm32.12.3.rel1.win32_1.0.200.202406191623/tools/bin/../lib/gcc/arm-none-eabi/12.3.1/../../../../arm-none-eabi/lib/thumb/v7e-m+fp/hard/crt0.o
LOAD ./Core/Src/dma.o
LOAD ./Core/Src/gpio.o
LOAD ./Core/Src/main.o
LOAD ./Core/Src/stm32f4xx_hal_msp.o
LOAD ./Core/Src/stm32f4xx_it.o
LOAD ./Core/Src/syscalls.o
LOAD ./Core/Src/sysmem.o
LOAD ./Core/Src/system_stm32f4xx.o
LOAD ./Core/Src/tim.o
LOAD ./Core/Src/usart.o
LOAD ./Core/Startup/startup_stm32f446retx.o
LOAD ./Drivers/STM32F4xx_HAL_Driver/Src/stm32f4xx_hal.o
LOAD ./Drivers/STM32F4xx_HAL_Driver/Src/stm32f4xx_hal_cortex.o
LOAD ./Drivers/STM32F4xx_HAL_Driver/Src/stm32f4xx_hal_dma.o
LOAD ./Drivers/STM32F4xx_HAL_Driver/Src/stm32f4xx_hal_dma_ex.o
LOAD ./Drivers/STM32F4xx_HAL_Driver/Src/stm32f4xx_hal_exti.o
LOAD ./Drivers/STM32F4xx_HAL_Driver/Src/stm32f4xx_hal_flash.o
LOAD ./Drivers/STM32F4xx_HAL_Driver/Src/stm32f4xx_hal_flash_ex.o
LOAD ./Drivers/STM32F4xx_HAL_Driver/Src/stm32f4xx_hal_flash_ramfunc.o
LOAD ./Drivers/STM32F4xx_HAL_Driver/Src/stm32f4xx_hal_gpio.o
LOAD ./Drivers/STM32F4xx_HAL_Driver/Src/stm32f4xx_hal_pwr.o
LOAD ./Drivers/STM32F4xx_HAL_Driver/Src/stm32f4xx_hal_pwr_ex.o
LOAD ./Drivers/STM32F4xx_HAL_Driver/Src/stm32f4xx_hal_rcc.o
LOAD ./Drivers/STM32F4xx_HAL_Driver/Src/stm32f4xx_hal_rcc_ex.o
LOAD ./Drivers/STM32F4xx_HAL_Driver/Src/stm32f4xx_hal_tim.o
LOAD ./Drivers/STM32F4xx_HAL_Driver/Src/stm32f4xx_hal_tim_ex.o
LOAD ./Drivers/STM32F4xx_HAL_Driver/Src/stm32f4xx_ll_dma.o
LOAD ./Drivers/STM32F4xx_HAL_Driver/Src/stm32f4xx_ll_exti.o
LOAD ./Drivers/STM32F4xx_HAL_Driver/Src/stm32f4xx_ll_gpio.o
LOAD ./Drivers/STM32F4xx_HAL_Driver/Src/stm32f4xx_ll_rcc.o
LOAD ./Drivers/STM32F4xx_HAL_Driver/Src/stm32f4xx_ll_usart.o
LOAD ./Drivers/STM32F4xx_HAL_Driver/Src/stm32f4xx_ll_utils.o
START GROUP
LOAD C:/ST/STM32CubeIDE_1.16.0/STM32CubeIDE/plugins/com.st.stm32cube.ide.mcu.externaltools.gnu-tools-for-stm32.12.3.rel1.win32_1.0.200.202406191623/tools/bin/../lib/gcc/arm-none-eabi/12.3.1/../../../../arm-none-eabi/lib/thumb/v7e-m+fp/hard\libc_nano.a
LOAD C:/ST/STM32CubeIDE_1.16.0/STM32CubeIDE/plugins/com.st.stm32cube.ide.mcu.externaltools.gnu-tools-for-stm32.12.3.rel1.win32_1.0.200.202406191623/tools/bin/../lib/gcc/arm-none-eabi/12.3.1/../../../../arm-none-eabi/lib/thumb/v7e-m+fp/hard\libm.a
END GROUP
START GROUP
LOAD C:/ST/STM32CubeIDE_1.16.0/STM32CubeIDE/plugins/com.st.stm32cube.ide.mcu.externaltools.gnu-tools-for-stm32.12.3.rel1.win32_1.0.200.202406191623/tools/bin/../lib/gcc/arm-none-eabi/12.3.1/thumb/v7e-m+fp/hard\libgcc.a
LOAD C:/ST/STM32CubeIDE_1.16.0/STM32CubeIDE/plugins/com.st.stm32cube.ide.mcu.externaltools.gnu-tools-for-stm32.12.3.rel1.win32_1.0.200.202406191623/tools/bin/../lib/gcc/arm-none-eabi/12.3.1/../../../../arm-none-eabi/lib/thumb/v7e-m+fp/hard\libc_nano.a
END GROUP
START GROUP
LOAD C:/ST/STM32CubeIDE_1.16.0/STM32CubeIDE/plugins/com.st.stm32cube.ide.mcu.externaltools.gnu-tools-for-stm32.12.3.rel1.win32_1.0.200.202406191623/tools/bin/../lib/gcc/arm-none-eabi/12.3.1/thumb/v7e-m+fp/hard\libgcc.a
LOAD C:/ST/STM32CubeIDE_1.16.0/STM32CubeIDE/plugins/com.st.stm32cube.ide.mcu.externaltools.gnu-tools-for-stm32.12.3.rel1.win32_1.0.200.202406191623/tools/bin/../lib/gcc/arm-none-eabi/12.3.1/../../../../arm-none-eabi/lib/thumb/v7e-m+fp/hard\libc_nano.a
LOAD C:/ST/STM32CubeIDE_1.16.0/STM32CubeIDE/plugins/com.st.stm32cube.ide.mcu.externaltools.gnu-tools-for-stm32.12.3.rel1.win32_1.0.200.202406191623/tools/bin/../lib/gcc/arm-none-eabi/12.3.1/../../../../arm-none-eabi/lib/thumb/v7e-m+fp/hard\libnosys.a
END GROUP
START GROUP
LOAD C:/ST/STM32CubeIDE_1.16.0/STM32CubeIDE/plugins/com.st.stm32cube.ide.mcu.externaltools.gnu-tools-for-stm32.12.3.rel1.win32_1.0.200.202406191623/tools/bin/../lib/gcc/arm-none-eabi/12.3.1/thumb/v7e-m+fp/hard\libgcc.a
LOAD C:/ST/STM32CubeIDE_1.16.0/STM32CubeIDE/plugins/com.st.stm32cube.ide.mcu.externaltools.gnu-tools-for-stm32.12.3.rel1.win32_1.0.200.202406191623/tools/bin/../lib/gcc/arm-none-eabi/12.3.1/../../../../arm-none-eabi/lib/thumb/v7e-m+fp/hard\libc_nano.a
LOAD C:/ST/STM32CubeIDE_1.16.0/STM32CubeIDE/plugins/com.st.stm32cube.ide.mcu.externaltools.gnu-tools-for-stm32.12.3.rel1.win32_1.0.200.202406191623/tools/bin/../lib/gcc/arm-none-eabi/12.3.1/../../../../arm-none-eabi/lib/thumb/v7e-m+fp/hard\libnosys.a
END GROUP
LOAD C:/ST/STM32CubeIDE_1.16.0/STM32CubeIDE/plugins/com.st.stm32cube.ide.mcu.externaltools.gnu-tools-for-stm32.12.3.rel1.win32_1.0.200.202406191623/tools/bin/../lib/gcc/arm-none-eabi/12.3.1/thumb/v7e-m+fp/hard/crtend.o
LOAD C:/ST/STM32CubeIDE_1.16.0/STM32CubeIDE/plugins/com.st.stm32cube.ide.mcu.externaltools.gnu-tools-for-stm32.12.3.rel1.win32_1.0.200.202406191623/tools/bin/../lib/gcc/arm-none-eabi/12.3.1/thumb/v7e-m+fp/hard/crtn.o
                0x20020000                        _estack = (ORIGIN (RAM) + LENGTH (RAM))
                0x00000200                        _Min_Heap_Size = 0x200
                0x00000400                        _Min_Stack_Size = 0x400

.isr_vector     0x08000000      0x1c4
                0x08000000                        . = ALIGN (0x4)
 *(.isr_vector)
 .isr_vector    0x08000000      0x1c4 ./Core/Startup/startup_stm32f446retx.o
                0x08000000                g_pfnVectors
                0x080001c4                        . = ALIGN (0x4)

.text           0x080001c4     0x3734
                0x080001c4                        . = ALIGN (0x4)
 *(.text)
 .text          0x080001c4       0x40 C:/ST/STM32CubeIDE_1.16.0/STM32CubeIDE/plugins/com.st.stm32cube.ide.mcu.externaltools.gnu-tools-for-stm32.12.3.rel1.win32_1.0.200.202406191623/tools/bin/../lib/gcc/arm-none-eabi/12.3.1/thumb/v7e-m+fp/hard/crtbegin.o
 .text          0x08000204       0x30 C:/ST/STM32CubeIDE_1.16.0/STM32CubeIDE/plugins/com.st.stm32cube.ide.mcu.externaltools.gnu-tools-for-stm32.12.3.rel1.win32_1.0.200.202406191623/tools/bin/../lib/gcc/arm-none-eabi/12.3.1/thumb/v7e-m+fp/hard\libgcc.a(_aeabi_uldivmod.o)
                0x08000204                __aeabi_uldivmod
 .text          0x08000234      0x2bc C:/ST/STM32CubeIDE_1.16.0/STM32CubeIDE/plugins/com.st.stm32cube.ide.mcu.externaltools.gnu-tools-for-stm32.12.3.rel1.win32_1.0.200.202406191623/tools/bin/../lib/gcc/arm-none-eabi/12.3.1/thumb/v7e-m+fp/hard\libgcc.a(_udivmoddi4.o)
                0x08000234                __udivmoddi4
 .text          0x080004f0        0x4 C:/ST/STM32CubeIDE_1.16.0/STM32CubeIDE/plugins/com.st.stm32cube.ide.mcu.externaltools.gnu-tools-for-stm32.12.3.rel1.win32_1.0.200.202406191623/tools/bin/../lib/gcc/arm-none-eabi/12.3.1/thumb/v7e-m+fp/hard\libgcc.a(_dvmd_tls.o)
                0x080004f0                __aeabi_idiv0
                0x080004f0                __aeabi_ldiv0
 *(.text*)
 .text.__NVIC_GetPriorityGrouping
                0x080004f4       0x1c ./Core/Src/dma.o
 .text.__NVIC_EnableIRQ
                0x08000510       0x3c ./Core/Src/dma.o
 .text.__NVIC_SetPriority
                0x0800054c       0x54 ./Core/Src/dma.o
 .text.NVIC_EncodePriority
                0x080005a0       0x66 ./Core/Src/dma.o
 *fill*         0x08000606        0x2 
 .text.MX_DMA_Init
                0x08000608       0x50 ./Core/Src/dma.o
                0x08000608                MX_DMA_Init
 .text.MX_GPIO_Init
                0x08000658      0x124 ./Core/Src/gpio.o
                0x08000658                MX_GPIO_Init
 .text.LL_USART_EnableIT_IDLE
                0x0800077c       0x46 ./Core/Src/main.o
 .text.LL_USART_EnableDMAReq_RX
                0x080007c2       0x46 ./Core/Src/main.o
 .text.LL_DMA_EnableStream
                0x08000808       0x40 ./Core/Src/main.o
 .text.LL_DMA_SetDataLength
                0x08000848       0x48 ./Core/Src/main.o
 .text.LL_DMA_SetMemoryAddress
                0x08000890       0x30 ./Core/Src/main.o
 .text.LL_DMA_SetPeriphAddress
                0x080008c0       0x30 ./Core/Src/main.o
 .text.main     0x080008f0       0x68 ./Core/Src/main.o
                0x080008f0                main
 .text.SystemClock_Config
                0x08000958       0xe4 ./Core/Src/main.o
                0x08000958                SystemClock_Config
 .text.Error_Handler
                0x08000a3c        0xc ./Core/Src/main.o
                0x08000a3c                Error_Handler
 .text.HAL_MspInit
                0x08000a48       0x50 ./Core/Src/stm32f4xx_hal_msp.o
                0x08000a48                HAL_MspInit
 .text.LL_USART_IsActiveFlag_ORE
                0x08000a98       0x26 ./Core/Src/stm32f4xx_it.o
 .text.LL_USART_IsActiveFlag_IDLE
                0x08000abe       0x26 ./Core/Src/stm32f4xx_it.o
 .text.LL_USART_IsActiveFlag_TXE
                0x08000ae4       0x26 ./Core/Src/stm32f4xx_it.o
 .text.LL_USART_ClearFlag_ORE
                0x08000b0a       0x24 ./Core/Src/stm32f4xx_it.o
 .text.LL_USART_ClearFlag_IDLE
                0x08000b2e       0x24 ./Core/Src/stm32f4xx_it.o
 .text.LL_USART_TransmitData8
                0x08000b52       0x1e ./Core/Src/stm32f4xx_it.o
 .text.LL_DMA_EnableStream
                0x08000b70       0x40 ./Core/Src/stm32f4xx_it.o
 .text.LL_DMA_DisableStream
                0x08000bb0       0x40 ./Core/Src/stm32f4xx_it.o
 .text.LL_DMA_SetDataLength
                0x08000bf0       0x48 ./Core/Src/stm32f4xx_it.o
 .text.LL_DMA_GetDataLength
                0x08000c38       0x2c ./Core/Src/stm32f4xx_it.o
 .text.NMI_Handler
                0x08000c64        0x8 ./Core/Src/stm32f4xx_it.o
                0x08000c64                NMI_Handler
 .text.HardFault_Handler
                0x08000c6c        0x8 ./Core/Src/stm32f4xx_it.o
                0x08000c6c                HardFault_Handler
 .text.MemManage_Handler
                0x08000c74        0x8 ./Core/Src/stm32f4xx_it.o
                0x08000c74                MemManage_Handler
 .text.BusFault_Handler
                0x08000c7c        0x8 ./Core/Src/stm32f4xx_it.o
                0x08000c7c                BusFault_Handler
 .text.UsageFault_Handler
                0x08000c84        0x8 ./Core/Src/stm32f4xx_it.o
                0x08000c84                UsageFault_Handler
 .text.SVC_Handler
                0x08000c8c        0xe ./Core/Src/stm32f4xx_it.o
                0x08000c8c                SVC_Handler
 .text.DebugMon_Handler
                0x08000c9a        0xe ./Core/Src/stm32f4xx_it.o
                0x08000c9a                DebugMon_Handler
 .text.PendSV_Handler
                0x08000ca8        0xe ./Core/Src/stm32f4xx_it.o
                0x08000ca8                PendSV_Handler
 .text.SysTick_Handler
                0x08000cb6        0xc ./Core/Src/stm32f4xx_it.o
                0x08000cb6                SysTick_Handler
 .text.DMA1_Stream1_IRQHandler
                0x08000cc2        0xe ./Core/Src/stm32f4xx_it.o
                0x08000cc2                DMA1_Stream1_IRQHandler
 .text.USART3_IRQHandler
                0x08000cd0       0x74 ./Core/Src/stm32f4xx_it.o
                0x08000cd0                USART3_IRQHandler
 .text.writePacket
                0x08000d44       0x4c ./Core/Src/stm32f4xx_it.o
                0x08000d44                writePacket
 .text.TIM6_DAC_IRQHandler
                0x08000d90       0x20 ./Core/Src/stm32f4xx_it.o
                0x08000d90                TIM6_DAC_IRQHandler
 .text.SystemInit
                0x08000db0       0x24 ./Core/Src/system_stm32f4xx.o
                0x08000db0                SystemInit
 .text.MX_TIM6_Init
                0x08000dd4       0x6c ./Core/Src/tim.o
                0x08000dd4                MX_TIM6_Init
 .text.HAL_TIM_Base_MspInit
                0x08000e40       0x50 ./Core/Src/tim.o
                0x08000e40                HAL_TIM_Base_MspInit
 .text.__NVIC_GetPriorityGrouping
                0x08000e90       0x1c ./Core/Src/usart.o
 .text.__NVIC_EnableIRQ
                0x08000eac       0x3c ./Core/Src/usart.o
 .text.__NVIC_SetPriority
                0x08000ee8       0x54 ./Core/Src/usart.o
 .text.NVIC_EncodePriority
                0x08000f3c       0x66 ./Core/Src/usart.o
 .text.LL_USART_Enable
                0x08000fa2       0x20 ./Core/Src/usart.o
 .text.LL_USART_ConfigAsyncMode
                0x08000fc2       0x2c ./Core/Src/usart.o
 *fill*         0x08000fee        0x2 
 .text.LL_AHB1_GRP1_EnableClock
                0x08000ff0       0x30 ./Core/Src/usart.o
 .text.LL_APB1_GRP1_EnableClock
                0x08001020       0x30 ./Core/Src/usart.o
 .text.LL_DMA_SetDataTransferDirection
                0x08001050       0x48 ./Core/Src/usart.o
 .text.LL_DMA_SetMode
                0x08001098       0x48 ./Core/Src/usart.o
 .text.LL_DMA_SetPeriphIncMode
                0x080010e0       0x48 ./Core/Src/usart.o
 .text.LL_DMA_SetMemoryIncMode
                0x08001128       0x48 ./Core/Src/usart.o
 .text.LL_DMA_SetPeriphSize
                0x08001170       0x48 ./Core/Src/usart.o
 .text.LL_DMA_SetMemorySize
                0x080011b8       0x48 ./Core/Src/usart.o
 .text.LL_DMA_SetStreamPriorityLevel
                0x08001200       0x48 ./Core/Src/usart.o
 .text.LL_DMA_SetChannelSelection
                0x08001248       0x48 ./Core/Src/usart.o
 .text.LL_DMA_DisableFifoMode
                0x08001290       0x40 ./Core/Src/usart.o
 .text.MX_USART3_UART_Init
                0x080012d0      0x150 ./Core/Src/usart.o
                0x080012d0                MX_USART3_UART_Init
 .text.Reset_Handler
                0x08001420       0x50 ./Core/Startup/startup_stm32f446retx.o
                0x08001420                Reset_Handler
 .text.Default_Handler
                0x08001470        0x2 ./Core/Startup/startup_stm32f446retx.o
                0x08001470                RTC_Alarm_IRQHandler
                0x08001470                EXTI2_IRQHandler
                0x08001470                TIM8_CC_IRQHandler
                0x08001470                FMPI2C1_EV_IRQHandler
                0x08001470                SPI4_IRQHandler
                0x08001470                TIM1_CC_IRQHandler
                0x08001470                DMA2_Stream5_IRQHandler
                0x08001470                DMA1_Stream5_IRQHandler
                0x08001470                PVD_IRQHandler
                0x08001470                SDIO_IRQHandler
                0x08001470                TAMP_STAMP_IRQHandler
                0x08001470                CAN2_RX1_IRQHandler
                0x08001470                EXTI3_IRQHandler
                0x08001470                TIM8_TRG_COM_TIM14_IRQHandler
                0x08001470                TIM1_UP_TIM10_IRQHandler
                0x08001470                TIM8_UP_TIM13_IRQHandler
                0x08001470                I2C3_ER_IRQHandler
                0x08001470                EXTI0_IRQHandler
                0x08001470                I2C2_EV_IRQHandler
                0x08001470                DMA1_Stream2_IRQHandler
                0x08001470                CAN1_RX0_IRQHandler
                0x08001470                FPU_IRQHandler
                0x08001470                OTG_HS_WKUP_IRQHandler
                0x08001470                CAN2_SCE_IRQHandler
                0x08001470                DMA2_Stream2_IRQHandler
                0x08001470                SPI1_IRQHandler
                0x08001470                TIM1_BRK_TIM9_IRQHandler
                0x08001470                DCMI_IRQHandler
                0x08001470                CAN2_RX0_IRQHandler
                0x08001470                DMA2_Stream3_IRQHandler
                0x08001470                SAI2_IRQHandler
                0x08001470                USART6_IRQHandler
                0x08001470                CAN1_RX1_IRQHandler
                0x08001470                UART5_IRQHandler
                0x08001470                DMA2_Stream0_IRQHandler
                0x08001470                TIM4_IRQHandler
                0x08001470                QUADSPI_IRQHandler
                0x08001470                I2C1_EV_IRQHandler
                0x08001470                DMA1_Stream6_IRQHandler
                0x08001470                UART4_IRQHandler
                0x08001470                TIM3_IRQHandler
                0x08001470                RCC_IRQHandler
                0x08001470                TIM8_BRK_TIM12_IRQHandler
                0x08001470                Default_Handler
                0x08001470                CEC_IRQHandler
                0x08001470                EXTI15_10_IRQHandler
                0x08001470                ADC_IRQHandler
                0x08001470                DMA1_Stream7_IRQHandler
                0x08001470                TIM7_IRQHandler
                0x08001470                CAN2_TX_IRQHandler
                0x08001470                TIM5_IRQHandler
                0x08001470                DMA2_Stream7_IRQHandler
                0x08001470                I2C3_EV_IRQHandler
                0x08001470                EXTI9_5_IRQHandler
                0x08001470                RTC_WKUP_IRQHandler
                0x08001470                SPDIF_RX_IRQHandler
                0x08001470                SPI2_IRQHandler
                0x08001470                OTG_HS_EP1_IN_IRQHandler
                0x08001470                DMA1_Stream0_IRQHandler
                0x08001470                CAN1_TX_IRQHandler
                0x08001470                FMPI2C1_ER_IRQHandler
                0x08001470                EXTI4_IRQHandler
                0x08001470                OTG_HS_EP1_OUT_IRQHandler
                0x08001470                WWDG_IRQHandler
                0x08001470                TIM2_IRQHandler
                0x08001470                OTG_FS_WKUP_IRQHandler
                0x08001470                TIM1_TRG_COM_TIM11_IRQHandler
                0x08001470                OTG_HS_IRQHandler
                0x08001470                EXTI1_IRQHandler
                0x08001470                USART2_IRQHandler
                0x08001470                I2C2_ER_IRQHandler
                0x08001470                DMA2_Stream1_IRQHandler
                0x08001470                CAN1_SCE_IRQHandler
                0x08001470                FLASH_IRQHandler
                0x08001470                DMA2_Stream4_IRQHandler
                0x08001470                USART1_IRQHandler
                0x08001470                OTG_FS_IRQHandler
                0x08001470                SPI3_IRQHandler
                0x08001470                DMA1_Stream4_IRQHandler
                0x08001470                I2C1_ER_IRQHandler
                0x08001470                FMC_IRQHandler
                0x08001470                DMA2_Stream6_IRQHandler
                0x08001470                SAI1_IRQHandler
                0x08001470                DMA1_Stream3_IRQHandler
 *fill*         0x08001472        0x2 
 .text.HAL_Init
                0x08001474       0x44 ./Drivers/STM32F4xx_HAL_Driver/Src/stm32f4xx_hal.o
                0x08001474                HAL_Init
 .text.HAL_InitTick
                0x080014b8       0x60 ./Drivers/STM32F4xx_HAL_Driver/Src/stm32f4xx_hal.o
                0x080014b8                HAL_InitTick
 .text.HAL_IncTick
                0x08001518       0x28 ./Drivers/STM32F4xx_HAL_Driver/Src/stm32f4xx_hal.o
                0x08001518                HAL_IncTick
 .text.HAL_GetTick
                0x08001540       0x18 ./Drivers/STM32F4xx_HAL_Driver/Src/stm32f4xx_hal.o
                0x08001540                HAL_GetTick
 .text.__NVIC_SetPriorityGrouping
                0x08001558       0x48 ./Drivers/STM32F4xx_HAL_Driver/Src/stm32f4xx_hal_cortex.o
 .text.__NVIC_GetPriorityGrouping
                0x080015a0       0x1c ./Drivers/STM32F4xx_HAL_Driver/Src/stm32f4xx_hal_cortex.o
 .text.__NVIC_EnableIRQ
                0x080015bc       0x3c ./Drivers/STM32F4xx_HAL_Driver/Src/stm32f4xx_hal_cortex.o
 .text.__NVIC_SetPriority
                0x080015f8       0x54 ./Drivers/STM32F4xx_HAL_Driver/Src/stm32f4xx_hal_cortex.o
 .text.NVIC_EncodePriority
                0x0800164c       0x66 ./Drivers/STM32F4xx_HAL_Driver/Src/stm32f4xx_hal_cortex.o
 *fill*         0x080016b2        0x2 
 .text.SysTick_Config
                0x080016b4       0x44 ./Drivers/STM32F4xx_HAL_Driver/Src/stm32f4xx_hal_cortex.o
 .text.HAL_NVIC_SetPriorityGrouping
                0x080016f8       0x16 ./Drivers/STM32F4xx_HAL_Driver/Src/stm32f4xx_hal_cortex.o
                0x080016f8                HAL_NVIC_SetPriorityGrouping
 .text.HAL_NVIC_SetPriority
                0x0800170e       0x38 ./Drivers/STM32F4xx_HAL_Driver/Src/stm32f4xx_hal_cortex.o
                0x0800170e                HAL_NVIC_SetPriority
 .text.HAL_NVIC_EnableIRQ
                0x08001746       0x1c ./Drivers/STM32F4xx_HAL_Driver/Src/stm32f4xx_hal_cortex.o
                0x08001746                HAL_NVIC_EnableIRQ
 .text.HAL_SYSTICK_Config
                0x08001762       0x18 ./Drivers/STM32F4xx_HAL_Driver/Src/stm32f4xx_hal_cortex.o
                0x08001762                HAL_SYSTICK_Config
 *fill*         0x0800177a        0x2 
 .text.HAL_GPIO_Init
                0x0800177c      0x328 ./Drivers/STM32F4xx_HAL_Driver/Src/stm32f4xx_hal_gpio.o
                0x0800177c                HAL_GPIO_Init
 .text.HAL_GPIO_WritePin
                0x08001aa4       0x32 ./Drivers/STM32F4xx_HAL_Driver/Src/stm32f4xx_hal_gpio.o
                0x08001aa4                HAL_GPIO_WritePin
 *fill*         0x08001ad6        0x2 
 .text.HAL_PWREx_EnableOverDrive
                0x08001ad8       0xa0 ./Drivers/STM32F4xx_HAL_Driver/Src/stm32f4xx_hal_pwr_ex.o
                0x08001ad8                HAL_PWREx_EnableOverDrive
 .text.HAL_RCC_ClockConfig
                0x08001b78      0x1cc ./Drivers/STM32F4xx_HAL_Driver/Src/stm32f4xx_hal_rcc.o
                0x08001b78                HAL_RCC_ClockConfig
 .text.HAL_RCC_GetSysClockFreq
                0x08001d44      0x45c ./Drivers/STM32F4xx_HAL_Driver/Src/stm32f4xx_hal_rcc_ex.o
                0x08001d44                HAL_RCC_GetSysClockFreq
 .text.HAL_RCC_OscConfig
                0x080021a0      0x53c ./Drivers/STM32F4xx_HAL_Driver/Src/stm32f4xx_hal_rcc_ex.o
                0x080021a0                HAL_RCC_OscConfig
 .text.HAL_TIM_Base_Init
                0x080026dc       0x9e ./Drivers/STM32F4xx_HAL_Driver/Src/stm32f4xx_hal_tim.o
                0x080026dc                HAL_TIM_Base_Init
 .text.HAL_TIM_IRQHandler
                0x0800277a      0x1e0 ./Drivers/STM32F4xx_HAL_Driver/Src/stm32f4xx_hal_tim.o
                0x0800277a                HAL_TIM_IRQHandler
 .text.HAL_TIM_PeriodElapsedCallback
                0x0800295a       0x14 ./Drivers/STM32F4xx_HAL_Driver/Src/stm32f4xx_hal_tim.o
                0x0800295a                HAL_TIM_PeriodElapsedCallback
 .text.HAL_TIM_OC_DelayElapsedCallback
                0x0800296e       0x14 ./Drivers/STM32F4xx_HAL_Driver/Src/stm32f4xx_hal_tim.o
                0x0800296e                HAL_TIM_OC_DelayElapsedCallback
 .text.HAL_TIM_IC_CaptureCallback
                0x08002982       0x14 ./Drivers/STM32F4xx_HAL_Driver/Src/stm32f4xx_hal_tim.o
                0x08002982                HAL_TIM_IC_CaptureCallback
 .text.HAL_TIM_PWM_PulseFinishedCallback
                0x08002996       0x14 ./Drivers/STM32F4xx_HAL_Driver/Src/stm32f4xx_hal_tim.o
                0x08002996                HAL_TIM_PWM_PulseFinishedCallback
 .text.HAL_TIM_TriggerCallback
                0x080029aa       0x14 ./Drivers/STM32F4xx_HAL_Driver/Src/stm32f4xx_hal_tim.o
                0x080029aa                HAL_TIM_TriggerCallback
 *fill*         0x080029be        0x2 
 .text.TIM_Base_SetConfig
                0x080029c0      0x158 ./Drivers/STM32F4xx_HAL_Driver/Src/stm32f4xx_hal_tim.o
                0x080029c0                TIM_Base_SetConfig
 .text.HAL_TIMEx_MasterConfigSynchronization
                0x08002b18       0xf8 ./Drivers/STM32F4xx_HAL_Driver/Src/stm32f4xx_hal_tim_ex.o
                0x08002b18                HAL_TIMEx_MasterConfigSynchronization
 .text.HAL_TIMEx_CommutCallback
                0x08002c10       0x14 ./Drivers/STM32F4xx_HAL_Driver/Src/stm32f4xx_hal_tim_ex.o
                0x08002c10                HAL_TIMEx_CommutCallback
 .text.HAL_TIMEx_BreakCallback
                0x08002c24       0x14 ./Drivers/STM32F4xx_HAL_Driver/Src/stm32f4xx_hal_tim_ex.o
                0x08002c24                HAL_TIMEx_BreakCallback
 .text.LL_GPIO_SetPinMode
                0x08002c38       0x7a ./Drivers/STM32F4xx_HAL_Driver/Src/stm32f4xx_ll_gpio.o
 .text.LL_GPIO_SetPinOutputType
                0x08002cb2       0x30 ./Drivers/STM32F4xx_HAL_Driver/Src/stm32f4xx_ll_gpio.o
 .text.LL_GPIO_SetPinSpeed
                0x08002ce2       0x7a ./Drivers/STM32F4xx_HAL_Driver/Src/stm32f4xx_ll_gpio.o
 .text.LL_GPIO_SetPinPull
                0x08002d5c       0x7a ./Drivers/STM32F4xx_HAL_Driver/Src/stm32f4xx_ll_gpio.o
 .text.LL_GPIO_SetAFPin_0_7
                0x08002dd6       0x7a ./Drivers/STM32F4xx_HAL_Driver/Src/stm32f4xx_ll_gpio.o
 .text.LL_GPIO_SetAFPin_8_15
                0x08002e50       0x7e ./Drivers/STM32F4xx_HAL_Driver/Src/stm32f4xx_ll_gpio.o
 .text.LL_GPIO_Init
                0x08002ece      0x102 ./Drivers/STM32F4xx_HAL_Driver/Src/stm32f4xx_ll_gpio.o
                0x08002ece                LL_GPIO_Init
 .text.LL_RCC_GetSysClkSource
                0x08002fd0       0x1c ./Drivers/STM32F4xx_HAL_Driver/Src/stm32f4xx_ll_rcc.o
 .text.LL_RCC_GetAHBPrescaler
                0x08002fec       0x1c ./Drivers/STM32F4xx_HAL_Driver/Src/stm32f4xx_ll_rcc.o
 .text.LL_RCC_GetAPB1Prescaler
                0x08003008       0x1c ./Drivers/STM32F4xx_HAL_Driver/Src/stm32f4xx_ll_rcc.o
 .text.LL_RCC_GetAPB2Prescaler
                0x08003024       0x1c ./Drivers/STM32F4xx_HAL_Driver/Src/stm32f4xx_ll_rcc.o
 .text.LL_RCC_PLL_GetMainSource
                0x08003040       0x1c ./Drivers/STM32F4xx_HAL_Driver/Src/stm32f4xx_ll_rcc.o
 .text.LL_RCC_PLL_GetN
                0x0800305c       0x1c ./Drivers/STM32F4xx_HAL_Driver/Src/stm32f4xx_ll_rcc.o
 .text.LL_RCC_PLL_GetP
                0x08003078       0x1c ./Drivers/STM32F4xx_HAL_Driver/Src/stm32f4xx_ll_rcc.o
 .text.LL_RCC_PLL_GetR
                0x08003094       0x1c ./Drivers/STM32F4xx_HAL_Driver/Src/stm32f4xx_ll_rcc.o
 .text.LL_RCC_PLL_GetDivider
                0x080030b0       0x1c ./Drivers/STM32F4xx_HAL_Driver/Src/stm32f4xx_ll_rcc.o
 .text.LL_RCC_GetSystemClocksFreq
                0x080030cc       0x4a ./Drivers/STM32F4xx_HAL_Driver/Src/stm32f4xx_ll_rcc.o
                0x080030cc                LL_RCC_GetSystemClocksFreq
 *fill*         0x08003116        0x2 
 .text.RCC_GetSystemClockFreq
                0x08003118       0x84 ./Drivers/STM32F4xx_HAL_Driver/Src/stm32f4xx_ll_rcc.o
                0x08003118                RCC_GetSystemClockFreq
 .text.RCC_GetHCLKClockFreq
                0x0800319c       0x2c ./Drivers/STM32F4xx_HAL_Driver/Src/stm32f4xx_ll_rcc.o
                0x0800319c                RCC_GetHCLKClockFreq
 .text.RCC_GetPCLK1ClockFreq
                0x080031c8       0x28 ./Drivers/STM32F4xx_HAL_Driver/Src/stm32f4xx_ll_rcc.o
                0x080031c8                RCC_GetPCLK1ClockFreq
 .text.RCC_GetPCLK2ClockFreq
                0x080031f0       0x28 ./Drivers/STM32F4xx_HAL_Driver/Src/stm32f4xx_ll_rcc.o
                0x080031f0                RCC_GetPCLK2ClockFreq
 .text.RCC_PLL_GetFreqDomain_SYS
                0x08003218       0xa0 ./Drivers/STM32F4xx_HAL_Driver/Src/stm32f4xx_ll_rcc.o
                0x08003218                RCC_PLL_GetFreqDomain_SYS
 .text.LL_USART_IsEnabled
                0x080032b8       0x28 ./Drivers/STM32F4xx_HAL_Driver/Src/stm32f4xx_ll_usart.o
 .text.LL_USART_SetStopBitsLength
                0x080032e0       0x26 ./Drivers/STM32F4xx_HAL_Driver/Src/stm32f4xx_ll_usart.o
 .text.LL_USART_SetHWFlowCtrl
                0x08003306       0x26 ./Drivers/STM32F4xx_HAL_Driver/Src/stm32f4xx_ll_usart.o
 .text.LL_USART_SetBaudRate
                0x0800332c      0x45c ./Drivers/STM32F4xx_HAL_Driver/Src/stm32f4xx_ll_usart.o
 .text.LL_USART_Init
                0x08003788      0x100 ./Drivers/STM32F4xx_HAL_Driver/Src/stm32f4xx_ll_usart.o
                0x08003788                LL_USART_Init
 .text.memset   0x08003888       0x10 C:/ST/STM32CubeIDE_1.16.0/STM32CubeIDE/plugins/com.st.stm32cube.ide.mcu.externaltools.gnu-tools-for-stm32.12.3.rel1.win32_1.0.200.202406191623/tools/bin/../lib/gcc/arm-none-eabi/12.3.1/../../../../arm-none-eabi/lib/thumb/v7e-m+fp/hard\libc_nano.a(libc_a-memset.o)
                0x08003888                memset
 .text.__libc_init_array
                0x08003898       0x48 C:/ST/STM32CubeIDE_1.16.0/STM32CubeIDE/plugins/com.st.stm32cube.ide.mcu.externaltools.gnu-tools-for-stm32.12.3.rel1.win32_1.0.200.202406191623/tools/bin/../lib/gcc/arm-none-eabi/12.3.1/../../../../arm-none-eabi/lib/thumb/v7e-m+fp/hard\libc_nano.a(libc_a-init.o)
                0x08003898                __libc_init_array
 *(.glue_7)
 .glue_7        0x080038e0        0x0 linker stubs
 *(.glue_7t)
 .glue_7t       0x080038e0        0x0 linker stubs
 *(.eh_frame)
 .eh_frame      0x080038e0        0x0 C:/ST/STM32CubeIDE_1.16.0/STM32CubeIDE/plugins/com.st.stm32cube.ide.mcu.externaltools.gnu-tools-for-stm32.12.3.rel1.win32_1.0.200.202406191623/tools/bin/../lib/gcc/arm-none-eabi/12.3.1/thumb/v7e-m+fp/hard/crtbegin.o
 *(.init)
 .init          0x080038e0        0x4 C:/ST/STM32CubeIDE_1.16.0/STM32CubeIDE/plugins/com.st.stm32cube.ide.mcu.externaltools.gnu-tools-for-stm32.12.3.rel1.win32_1.0.200.202406191623/tools/bin/../lib/gcc/arm-none-eabi/12.3.1/thumb/v7e-m+fp/hard/crti.o
                0x080038e0                _init
 .init          0x080038e4        0x8 C:/ST/STM32CubeIDE_1.16.0/STM32CubeIDE/plugins/com.st.stm32cube.ide.mcu.externaltools.gnu-tools-for-stm32.12.3.rel1.win32_1.0.200.202406191623/tools/bin/../lib/gcc/arm-none-eabi/12.3.1/thumb/v7e-m+fp/hard/crtn.o
 *(.fini)
 .fini          0x080038ec        0x4 C:/ST/STM32CubeIDE_1.16.0/STM32CubeIDE/plugins/com.st.stm32cube.ide.mcu.externaltools.gnu-tools-for-stm32.12.3.rel1.win32_1.0.200.202406191623/tools/bin/../lib/gcc/arm-none-eabi/12.3.1/thumb/v7e-m+fp/hard/crti.o
                0x080038ec                _fini
 .fini          0x080038f0        0x8 C:/ST/STM32CubeIDE_1.16.0/STM32CubeIDE/plugins/com.st.stm32cube.ide.mcu.externaltools.gnu-tools-for-stm32.12.3.rel1.win32_1.0.200.202406191623/tools/bin/../lib/gcc/arm-none-eabi/12.3.1/thumb/v7e-m+fp/hard/crtn.o
                0x080038f8                        . = ALIGN (0x4)
                0x080038f8                        _etext = .

.vfp11_veneer   0x080038f8        0x0
 .vfp11_veneer  0x080038f8        0x0 linker stubs

.v4_bx          0x080038f8        0x0
 .v4_bx         0x080038f8        0x0 linker stubs

.iplt           0x080038f8        0x0
 .iplt          0x080038f8        0x0 C:/ST/STM32CubeIDE_1.16.0/STM32CubeIDE/plugins/com.st.stm32cube.ide.mcu.externaltools.gnu-tools-for-stm32.12.3.rel1.win32_1.0.200.202406191623/tools/bin/../lib/gcc/arm-none-eabi/12.3.1/thumb/v7e-m+fp/hard/crtbegin.o

.rodata         0x080038f8       0x30
                0x080038f8                        . = ALIGN (0x4)
 *(.rodata)
 *(.rodata*)
 .rodata.STREAM_OFFSET_TAB
                0x080038f8        0x8 ./Core/Src/main.o
 .rodata.STREAM_OFFSET_TAB
                0x08003900        0x8 ./Core/Src/stm32f4xx_it.o
 .rodata.AHBPrescTable
                0x08003908       0x10 ./Core/Src/system_stm32f4xx.o
                0x08003908                AHBPrescTable
 .rodata.APBPrescTable
                0x08003918        0x8 ./Core/Src/system_stm32f4xx.o
                0x08003918                APBPrescTable
 .rodata.STREAM_OFFSET_TAB
                0x08003920        0x8 ./Core/Src/usart.o
                0x08003928                        . = ALIGN (0x4)

.ARM.extab      0x08003928        0x0
                0x08003928                        . = ALIGN (0x4)
 *(.ARM.extab* .gnu.linkonce.armextab.*)
                0x08003928                        . = ALIGN (0x4)

.ARM            0x08003928        0x8
                0x08003928                        . = ALIGN (0x4)
                0x08003928                        __exidx_start = .
 *(.ARM.exidx*)
 .ARM.exidx     0x08003928        0x8 C:/ST/STM32CubeIDE_1.16.0/STM32CubeIDE/plugins/com.st.stm32cube.ide.mcu.externaltools.gnu-tools-for-stm32.12.3.rel1.win32_1.0.200.202406191623/tools/bin/../lib/gcc/arm-none-eabi/12.3.1/thumb/v7e-m+fp/hard\libgcc.a(_udivmoddi4.o)
                0x08003930                        __exidx_end = .
                0x08003930                        . = ALIGN (0x4)

.preinit_array  0x08003930        0x0
                0x08003930                        . = ALIGN (0x4)
                0x08003930                        PROVIDE (__preinit_array_start = .)
 *(.preinit_array*)
                0x08003930                        PROVIDE (__preinit_array_end = .)
                0x08003930                        . = ALIGN (0x4)

.init_array     0x08003930        0x4
                0x08003930                        . = ALIGN (0x4)
                0x08003930                        PROVIDE (__init_array_start = .)
 *(SORT_BY_NAME(.init_array.*))
 *(.init_array*)
 .init_array    0x08003930        0x4 C:/ST/STM32CubeIDE_1.16.0/STM32CubeIDE/plugins/com.st.stm32cube.ide.mcu.externaltools.gnu-tools-for-stm32.12.3.rel1.win32_1.0.200.202406191623/tools/bin/../lib/gcc/arm-none-eabi/12.3.1/thumb/v7e-m+fp/hard/crtbegin.o
                0x08003934                        PROVIDE (__init_array_end = .)
                0x08003934                        . = ALIGN (0x4)

.fini_array     0x08003934        0x4
                0x08003934                        . = ALIGN (0x4)
                [!provide]                        PROVIDE (__fini_array_start = .)
 *(SORT_BY_NAME(.fini_array.*))
 *(.fini_array*)
 .fini_array    0x08003934        0x4 C:/ST/STM32CubeIDE_1.16.0/STM32CubeIDE/plugins/com.st.stm32cube.ide.mcu.externaltools.gnu-tools-for-stm32.12.3.rel1.win32_1.0.200.202406191623/tools/bin/../lib/gcc/arm-none-eabi/12.3.1/thumb/v7e-m+fp/hard/crtbegin.o
                [!provide]                        PROVIDE (__fini_array_end = .)
                0x08003938                        . = ALIGN (0x4)
                0x08003938                        _sidata = LOADADDR (.data)

.rel.dyn        0x08003938        0x0
 .rel.iplt      0x08003938        0x0 C:/ST/STM32CubeIDE_1.16.0/STM32CubeIDE/plugins/com.st.stm32cube.ide.mcu.externaltools.gnu-tools-for-stm32.12.3.rel1.win32_1.0.200.202406191623/tools/bin/../lib/gcc/arm-none-eabi/12.3.1/thumb/v7e-m+fp/hard/crtbegin.o

.data           0x20000000       0x24 load address 0x08003938
                0x20000000                        . = ALIGN (0x4)
                0x20000000                        _sdata = .
 *(.data)
 *(.data*)
 .data.torque_packet.1
                0x20000000        0xb ./Core/Src/stm32f4xx_it.o
 *fill*         0x2000000b        0x1 
 .data.torque_packet.0
                0x2000000c        0xb ./Core/Src/stm32f4xx_it.o
 *fill*         0x20000017        0x1 
 .data.SystemCoreClock
                0x20000018        0x4 ./Core/Src/system_stm32f4xx.o
                0x20000018                SystemCoreClock
 .data.uwTickPrio
                0x2000001c        0x4 ./Drivers/STM32F4xx_HAL_Driver/Src/stm32f4xx_hal.o
                0x2000001c                uwTickPrio
 .data.uwTickFreq
                0x20000020        0x1 ./Drivers/STM32F4xx_HAL_Driver/Src/stm32f4xx_hal.o
                0x20000020                uwTickFreq
 *(.RamFunc)
 *(.RamFunc*)
                0x20000024                        . = ALIGN (0x4)
 *fill*         0x20000021        0x3 
                0x20000024                        _edata = .

.igot.plt       0x20000024        0x0 load address 0x0800395c
 .igot.plt      0x20000024        0x0 C:/ST/STM32CubeIDE_1.16.0/STM32CubeIDE/plugins/com.st.stm32cube.ide.mcu.externaltools.gnu-tools-for-stm32.12.3.rel1.win32_1.0.200.202406191623/tools/bin/../lib/gcc/arm-none-eabi/12.3.1/thumb/v7e-m+fp/hard/crtbegin.o
                0x20000024                        . = ALIGN (0x4)

.bss            0x20000024      0x168 load address 0x0800395c
                0x20000024                        _sbss = .
                0x20000024                        __bss_start__ = _sbss
 *(.bss)
 .bss           0x20000024       0x1c C:/ST/STM32CubeIDE_1.16.0/STM32CubeIDE/plugins/com.st.stm32cube.ide.mcu.externaltools.gnu-tools-for-stm32.12.3.rel1.win32_1.0.200.202406191623/tools/bin/../lib/gcc/arm-none-eabi/12.3.1/thumb/v7e-m+fp/hard/crtbegin.o
 *(.bss*)
 .bss.PCrxBuffer
                0x20000040      0x100 ./Core/Src/main.o
                0x20000040                PCrxBuffer
 .bss.htim6     0x20000140       0x48 ./Core/Src/tim.o
                0x20000140                htim6
 .bss.uwTick    0x20000188        0x4 ./Drivers/STM32F4xx_HAL_Driver/Src/stm32f4xx_hal.o
                0x20000188                uwTick
 *(COMMON)
                0x2000018c                        . = ALIGN (0x4)
                0x2000018c                        _ebss = .
                0x2000018c                        __bss_end__ = _ebss

._user_heap_stack
                0x2000018c      0x604 load address 0x0800395c
                0x20000190                        . = ALIGN (0x8)
 *fill*         0x2000018c        0x4 
                [!provide]                        PROVIDE (end = .)
                0x20000190                        PROVIDE (_end = .)
                0x20000390                        . = (. + _Min_Heap_Size)
 *fill*         0x20000190      0x200 
                0x20000790                        . = (. + _Min_Stack_Size)
 *fill*         0x20000390      0x400 
                0x20000790                        . = ALIGN (0x8)

/DISCARD/
 libc.a(*)
 libm.a(*)
 libgcc.a(*)

.ARM.attributes
                0x00000000       0x30
 *(.ARM.attributes)
 .ARM.attributes
                0x00000000       0x22 C:/ST/STM32CubeIDE_1.16.0/STM32CubeIDE/plugins/com.st.stm32cube.ide.mcu.externaltools.gnu-tools-for-stm32.12.3.rel1.win32_1.0.200.202406191623/tools/bin/../lib/gcc/arm-none-eabi/12.3.1/thumb/v7e-m+fp/hard/crti.o
 .ARM.attributes
                0x00000022       0x34 C:/ST/STM32CubeIDE_1.16.0/STM32CubeIDE/plugins/com.st.stm32cube.ide.mcu.externaltools.gnu-tools-for-stm32.12.3.rel1.win32_1.0.200.202406191623/tools/bin/../lib/gcc/arm-none-eabi/12.3.1/thumb/v7e-m+fp/hard/crtbegin.o
 .ARM.attributes
                0x00000056       0x34 ./Core/Src/dma.o
 .ARM.attributes
                0x0000008a       0x34 ./Core/Src/gpio.o
 .ARM.attributes
                0x000000be       0x34 ./Core/Src/main.o
 .ARM.attributes
                0x000000f2       0x34 ./Core/Src/stm32f4xx_hal_msp.o
 .ARM.attributes
                0x00000126       0x34 ./Core/Src/stm32f4xx_it.o
 .ARM.attributes
                0x0000015a       0x34 ./Core/Src/system_stm32f4xx.o
 .ARM.attributes
                0x0000018e       0x34 ./Core/Src/tim.o
 .ARM.attributes
                0x000001c2       0x34 ./Core/Src/usart.o
 .ARM.attributes
                0x000001f6       0x21 ./Core/Startup/startup_stm32f446retx.o
 .ARM.attributes
                0x00000217       0x34 ./Drivers/STM32F4xx_HAL_Driver/Src/stm32f4xx_hal.o
 .ARM.attributes
                0x0000024b       0x34 ./Drivers/STM32F4xx_HAL_Driver/Src/stm32f4xx_hal_cortex.o
 .ARM.attributes
                0x0000027f       0x34 ./Drivers/STM32F4xx_HAL_Driver/Src/stm32f4xx_hal_gpio.o
 .ARM.attributes
                0x000002b3       0x34 ./Drivers/STM32F4xx_HAL_Driver/Src/stm32f4xx_hal_pwr_ex.o
 .ARM.attributes
                0x000002e7       0x34 ./Drivers/STM32F4xx_HAL_Driver/Src/stm32f4xx_hal_rcc.o
 .ARM.attributes
                0x0000031b       0x34 ./Drivers/STM32F4xx_HAL_Driver/Src/stm32f4xx_hal_rcc_ex.o
 .ARM.attributes
                0x0000034f       0x34 ./Drivers/STM32F4xx_HAL_Driver/Src/stm32f4xx_hal_tim.o
 .ARM.attributes
                0x00000383       0x34 ./Drivers/STM32F4xx_HAL_Driver/Src/stm32f4xx_hal_tim_ex.o
 .ARM.attributes
                0x000003b7       0x34 ./Drivers/STM32F4xx_HAL_Driver/Src/stm32f4xx_ll_gpio.o
 .ARM.attributes
                0x000003eb       0x34 ./Drivers/STM32F4xx_HAL_Driver/Src/stm32f4xx_ll_rcc.o
 .ARM.attributes
                0x0000041f       0x34 ./Drivers/STM32F4xx_HAL_Driver/Src/stm32f4xx_ll_usart.o
 .ARM.attributes
                0x00000453       0x34 C:/ST/STM32CubeIDE_1.16.0/STM32CubeIDE/plugins/com.st.stm32cube.ide.mcu.externaltools.gnu-tools-for-stm32.12.3.rel1.win32_1.0.200.202406191623/tools/bin/../lib/gcc/arm-none-eabi/12.3.1/../../../../arm-none-eabi/lib/thumb/v7e-m+fp/hard\libc_nano.a(libc_a-memset.o)
 .ARM.attributes
                0x00000487       0x34 C:/ST/STM32CubeIDE_1.16.0/STM32CubeIDE/plugins/com.st.stm32cube.ide.mcu.externaltools.gnu-tools-for-stm32.12.3.rel1.win32_1.0.200.202406191623/tools/bin/../lib/gcc/arm-none-eabi/12.3.1/../../../../arm-none-eabi/lib/thumb/v7e-m+fp/hard\libc_nano.a(libc_a-init.o)
 .ARM.attributes
                0x000004bb       0x22 C:/ST/STM32CubeIDE_1.16.0/STM32CubeIDE/plugins/com.st.stm32cube.ide.mcu.externaltools.gnu-tools-for-stm32.12.3.rel1.win32_1.0.200.202406191623/tools/bin/../lib/gcc/arm-none-eabi/12.3.1/thumb/v7e-m+fp/hard\libgcc.a(_aeabi_uldivmod.o)
 .ARM.attributes
                0x000004dd       0x34 C:/ST/STM32CubeIDE_1.16.0/STM32CubeIDE/plugins/com.st.stm32cube.ide.mcu.externaltools.gnu-tools-for-stm32.12.3.rel1.win32_1.0.200.202406191623/tools/bin/../lib/gcc/arm-none-eabi/12.3.1/thumb/v7e-m+fp/hard\libgcc.a(_udivmoddi4.o)
 .ARM.attributes
                0x00000511       0x22 C:/ST/STM32CubeIDE_1.16.0/STM32CubeIDE/plugins/com.st.stm32cube.ide.mcu.externaltools.gnu-tools-for-stm32.12.3.rel1.win32_1.0.200.202406191623/tools/bin/../lib/gcc/arm-none-eabi/12.3.1/thumb/v7e-m+fp/hard\libgcc.a(_dvmd_tls.o)
 .ARM.attributes
                0x00000533       0x22 C:/ST/STM32CubeIDE_1.16.0/STM32CubeIDE/plugins/com.st.stm32cube.ide.mcu.externaltools.gnu-tools-for-stm32.12.3.rel1.win32_1.0.200.202406191623/tools/bin/../lib/gcc/arm-none-eabi/12.3.1/thumb/v7e-m+fp/hard/crtn.o
OUTPUT(MX28_Project.elf elf32-littlearm)
LOAD linker stubs
LOAD C:/ST/STM32CubeIDE_1.16.0/STM32CubeIDE/plugins/com.st.stm32cube.ide.mcu.externaltools.gnu-tools-for-stm32.12.3.rel1.win32_1.0.200.202406191623/tools/bin/../lib/gcc/arm-none-eabi/12.3.1/../../../../arm-none-eabi/lib/thumb/v7e-m+fp/hard\libc.a
LOAD C:/ST/STM32CubeIDE_1.16.0/STM32CubeIDE/plugins/com.st.stm32cube.ide.mcu.externaltools.gnu-tools-for-stm32.12.3.rel1.win32_1.0.200.202406191623/tools/bin/../lib/gcc/arm-none-eabi/12.3.1/../../../../arm-none-eabi/lib/thumb/v7e-m+fp/hard\libm.a
LOAD C:/ST/STM32CubeIDE_1.16.0/STM32CubeIDE/plugins/com.st.stm32cube.ide.mcu.externaltools.gnu-tools-for-stm32.12.3.rel1.win32_1.0.200.202406191623/tools/bin/../lib/gcc/arm-none-eabi/12.3.1/thumb/v7e-m+fp/hard\libgcc.a

.debug_info     0x00000000     0xd7b6
 .debug_info    0x00000000      0x931 ./Core/Src/dma.o
 .debug_info    0x00000931      0x4a1 ./Core/Src/gpio.o
 .debug_info    0x00000dd2      0x8ec ./Core/Src/main.o
 .debug_info    0x000016be      0x2e1 ./Core/Src/stm32f4xx_hal_msp.o
 .debug_info    0x0000199f      0xad2 ./Core/Src/stm32f4xx_it.o
 .debug_info    0x00002471      0x54a ./Core/Src/system_stm32f4xx.o
 .debug_info    0x000029bb      0xc23 ./Core/Src/tim.o
 .debug_info    0x000035de      0xf87 ./Core/Src/usart.o
 .debug_info    0x00004565       0x30 ./Core/Startup/startup_stm32f446retx.o
 .debug_info    0x00004595      0x99a ./Drivers/STM32F4xx_HAL_Driver/Src/stm32f4xx_hal.o
 .debug_info    0x00004f2f      0xd75 ./Drivers/STM32F4xx_HAL_Driver/Src/stm32f4xx_hal_cortex.o
 .debug_info    0x00005ca4      0x70b ./Drivers/STM32F4xx_HAL_Driver/Src/stm32f4xx_hal_gpio.o
 .debug_info    0x000063af      0x6da ./Drivers/STM32F4xx_HAL_Driver/Src/stm32f4xx_hal_pwr_ex.o
 .debug_info    0x00006a89      0x8ed ./Drivers/STM32F4xx_HAL_Driver/Src/stm32f4xx_hal_rcc.o
 .debug_info    0x00007376      0x956 ./Drivers/STM32F4xx_HAL_Driver/Src/stm32f4xx_hal_rcc_ex.o
 .debug_info    0x00007ccc     0x299d ./Drivers/STM32F4xx_HAL_Driver/Src/stm32f4xx_hal_tim.o
 .debug_info    0x0000a669     0x14db ./Drivers/STM32F4xx_HAL_Driver/Src/stm32f4xx_hal_tim_ex.o
 .debug_info    0x0000bb44      0x957 ./Drivers/STM32F4xx_HAL_Driver/Src/stm32f4xx_ll_gpio.o
 .debug_info    0x0000c49b      0xbf9 ./Drivers/STM32F4xx_HAL_Driver/Src/stm32f4xx_ll_rcc.o
 .debug_info    0x0000d094      0x722 ./Drivers/STM32F4xx_HAL_Driver/Src/stm32f4xx_ll_usart.o

.debug_abbrev   0x00000000     0x26e4
 .debug_abbrev  0x00000000      0x1a6 ./Core/Src/dma.o
 .debug_abbrev  0x000001a6      0x157 ./Core/Src/gpio.o
 .debug_abbrev  0x000002fd      0x2b1 ./Core/Src/main.o
 .debug_abbrev  0x000005ae       0xdd ./Core/Src/stm32f4xx_hal_msp.o
 .debug_abbrev  0x0000068b      0x27d ./Core/Src/stm32f4xx_it.o
 .debug_abbrev  0x00000908      0x11a ./Core/Src/system_stm32f4xx.o
 .debug_abbrev  0x00000a22      0x1f6 ./Core/Src/tim.o
 .debug_abbrev  0x00000c18      0x1f7 ./Core/Src/usart.o
 .debug_abbrev  0x00000e0f       0x24 ./Core/Startup/startup_stm32f446retx.o
 .debug_abbrev  0x00000e33      0x214 ./Drivers/STM32F4xx_HAL_Driver/Src/stm32f4xx_hal.o
 .debug_abbrev  0x00001047      0x328 ./Drivers/STM32F4xx_HAL_Driver/Src/stm32f4xx_hal_cortex.o
 .debug_abbrev  0x0000136f      0x1d4 ./Drivers/STM32F4xx_HAL_Driver/Src/stm32f4xx_hal_gpio.o
 .debug_abbrev  0x00001543      0x1cf ./Drivers/STM32F4xx_HAL_Driver/Src/stm32f4xx_hal_pwr_ex.o
 .debug_abbrev  0x00001712      0x2b6 ./Drivers/STM32F4xx_HAL_Driver/Src/stm32f4xx_hal_rcc.o
 .debug_abbrev  0x000019c8      0x20a ./Drivers/STM32F4xx_HAL_Driver/Src/stm32f4xx_hal_rcc_ex.o
 .debug_abbrev  0x00001bd2      0x278 ./Drivers/STM32F4xx_HAL_Driver/Src/stm32f4xx_hal_tim.o
 .debug_abbrev  0x00001e4a      0x283 ./Drivers/STM32F4xx_HAL_Driver/Src/stm32f4xx_hal_tim_ex.o
 .debug_abbrev  0x000020cd      0x237 ./Drivers/STM32F4xx_HAL_Driver/Src/stm32f4xx_ll_gpio.o
 .debug_abbrev  0x00002304      0x1ee ./Drivers/STM32F4xx_HAL_Driver/Src/stm32f4xx_ll_rcc.o
 .debug_abbrev  0x000024f2      0x1f2 ./Drivers/STM32F4xx_HAL_Driver/Src/stm32f4xx_ll_usart.o

.debug_aranges  0x00000000      0xed0
 .debug_aranges
                0x00000000       0x40 ./Core/Src/dma.o
 .debug_aranges
                0x00000040       0x20 ./Core/Src/gpio.o
 .debug_aranges
                0x00000060       0x60 ./Core/Src/main.o
 .debug_aranges
                0x000000c0       0x20 ./Core/Src/stm32f4xx_hal_msp.o
 .debug_aranges
                0x000000e0       0xd0 ./Core/Src/stm32f4xx_it.o
 .debug_aranges
                0x000001b0       0x28 ./Core/Src/system_stm32f4xx.o
 .debug_aranges
                0x000001d8       0x30 ./Core/Src/tim.o
 .debug_aranges
                0x00000208       0xa8 ./Core/Src/usart.o
 .debug_aranges
                0x000002b0       0x28 ./Core/Startup/startup_stm32f446retx.o
 .debug_aranges
                0x000002d8       0xf0 ./Drivers/STM32F4xx_HAL_Driver/Src/stm32f4xx_hal.o
 .debug_aranges
                0x000003c8      0x120 ./Drivers/STM32F4xx_HAL_Driver/Src/stm32f4xx_hal_cortex.o
 .debug_aranges
                0x000004e8       0x58 ./Drivers/STM32F4xx_HAL_Driver/Src/stm32f4xx_hal_gpio.o
 .debug_aranges
                0x00000540       0x60 ./Drivers/STM32F4xx_HAL_Driver/Src/stm32f4xx_hal_pwr_ex.o
 .debug_aranges
                0x000005a0       0x88 ./Drivers/STM32F4xx_HAL_Driver/Src/stm32f4xx_hal_rcc.o
 .debug_aranges
                0x00000628       0x78 ./Drivers/STM32F4xx_HAL_Driver/Src/stm32f4xx_hal_rcc_ex.o
 .debug_aranges
                0x000006a0      0x3d0 ./Drivers/STM32F4xx_HAL_Driver/Src/stm32f4xx_hal_tim.o
 .debug_aranges
                0x00000a70      0x168 ./Drivers/STM32F4xx_HAL_Driver/Src/stm32f4xx_hal_tim_ex.o
 .debug_aranges
                0x00000bd8       0x70 ./Drivers/STM32F4xx_HAL_Driver/Src/stm32f4xx_ll_gpio.o
 .debug_aranges
                0x00000c48      0x200 ./Drivers/STM32F4xx_HAL_Driver/Src/stm32f4xx_ll_rcc.o
 .debug_aranges
                0x00000e48       0x88 ./Drivers/STM32F4xx_HAL_Driver/Src/stm32f4xx_ll_usart.o

.debug_rnglists
                0x00000000      0xb3a
 .debug_rnglists
                0x00000000       0x2b ./Core/Src/dma.o
 .debug_rnglists
                0x0000002b       0x14 ./Core/Src/gpio.o
 .debug_rnglists
                0x0000003f       0x44 ./Core/Src/main.o
 .debug_rnglists
                0x00000083       0x13 ./Core/Src/stm32f4xx_hal_msp.o
 .debug_rnglists
                0x00000096       0x97 ./Core/Src/stm32f4xx_it.o
 .debug_rnglists
                0x0000012d       0x1a ./Core/Src/system_stm32f4xx.o
 .debug_rnglists
                0x00000147       0x1f ./Core/Src/tim.o
 .debug_rnglists
                0x00000166       0x7a ./Core/Src/usart.o
 .debug_rnglists
                0x000001e0       0x19 ./Core/Startup/startup_stm32f446retx.o
 .debug_rnglists
                0x000001f9       0xaf ./Drivers/STM32F4xx_HAL_Driver/Src/stm32f4xx_hal.o
 .debug_rnglists
                0x000002a8       0xd4 ./Drivers/STM32F4xx_HAL_Driver/Src/stm32f4xx_hal_cortex.o
 .debug_rnglists
                0x0000037c       0x3f ./Drivers/STM32F4xx_HAL_Driver/Src/stm32f4xx_hal_gpio.o
 .debug_rnglists
                0x000003bb       0x47 ./Drivers/STM32F4xx_HAL_Driver/Src/stm32f4xx_hal_pwr_ex.o
 .debug_rnglists
                0x00000402       0x66 ./Drivers/STM32F4xx_HAL_Driver/Src/stm32f4xx_hal_rcc.o
 .debug_rnglists
                0x00000468       0x5e ./Drivers/STM32F4xx_HAL_Driver/Src/stm32f4xx_hal_rcc_ex.o
 .debug_rnglists
                0x000004c6      0x31a ./Drivers/STM32F4xx_HAL_Driver/Src/stm32f4xx_hal_tim.o
 .debug_rnglists
                0x000007e0      0x125 ./Drivers/STM32F4xx_HAL_Driver/Src/stm32f4xx_hal_tim_ex.o
 .debug_rnglists
                0x00000905       0x51 ./Drivers/STM32F4xx_HAL_Driver/Src/stm32f4xx_ll_gpio.o
 .debug_rnglists
                0x00000956      0x180 ./Drivers/STM32F4xx_HAL_Driver/Src/stm32f4xx_ll_rcc.o
 .debug_rnglists
                0x00000ad6       0x64 ./Drivers/STM32F4xx_HAL_Driver/Src/stm32f4xx_ll_usart.o

.debug_macro    0x00000000    0x2469b
 .debug_macro   0x00000000      0x232 ./Core/Src/dma.o
 .debug_macro   0x00000232      0xaba ./Core/Src/dma.o
 .debug_macro   0x00000cec      0x295 ./Core/Src/dma.o
 .debug_macro   0x00000f81       0x2e ./Core/Src/dma.o
 .debug_macro   0x00000faf       0x28 ./Core/Src/dma.o
 .debug_macro   0x00000fd7       0x22 ./Core/Src/dma.o
 .debug_macro   0x00000ff9       0x8e ./Core/Src/dma.o
 .debug_macro   0x00001087       0x51 ./Core/Src/dma.o
 .debug_macro   0x000010d8      0x103 ./Core/Src/dma.o
 .debug_macro   0x000011db       0x6a ./Core/Src/dma.o
 .debug_macro   0x00001245      0x1df ./Core/Src/dma.o
 .debug_macro   0x00001424       0x1c ./Core/Src/dma.o
 .debug_macro   0x00001440       0x22 ./Core/Src/dma.o
 .debug_macro   0x00001462       0xfb ./Core/Src/dma.o
 .debug_macro   0x0000155d     0x1011 ./Core/Src/dma.o
 .debug_macro   0x0000256e      0x11f ./Core/Src/dma.o
 .debug_macro   0x0000268d    0x16749 ./Core/Src/dma.o
 .debug_macro   0x00018dd6       0x6d ./Core/Src/dma.o
 .debug_macro   0x00018e43     0x368c ./Core/Src/dma.o
 .debug_macro   0x0001c4cf      0x189 ./Core/Src/dma.o
 .debug_macro   0x0001c658       0x5c ./Core/Src/dma.o
 .debug_macro   0x0001c6b4      0xca5 ./Core/Src/dma.o
 .debug_macro   0x0001d359      0x9e9 ./Core/Src/dma.o
 .debug_macro   0x0001dd42      0x115 ./Core/Src/dma.o
 .debug_macro   0x0001de57      0x1a0 ./Core/Src/dma.o
 .debug_macro   0x0001dff7       0xa5 ./Core/Src/dma.o
 .debug_macro   0x0001e09c      0x16d ./Core/Src/dma.o
 .debug_macro   0x0001e209      0x287 ./Core/Src/dma.o
 .debug_macro   0x0001e490       0x5f ./Core/Src/dma.o
 .debug_macro   0x0001e4ef      0x236 ./Core/Src/dma.o
 .debug_macro   0x0001e725      0x132 ./Core/Src/dma.o
 .debug_macro   0x0001e857      0x29c ./Core/Src/dma.o
 .debug_macro   0x0001eaf3       0x2e ./Core/Src/dma.o
 .debug_macro   0x0001eb21      0x127 ./Core/Src/dma.o
 .debug_macro   0x0001ec48       0xe8 ./Core/Src/dma.o
 .debug_macro   0x0001ed30       0x89 ./Core/Src/dma.o
 .debug_macro   0x0001edb9      0x8ed ./Core/Src/dma.o
 .debug_macro   0x0001f6a6       0x53 ./Core/Src/dma.o
 .debug_macro   0x0001f6f9      0x126 ./Core/Src/dma.o
 .debug_macro   0x0001f81f      0x1bb ./Core/Src/dma.o
 .debug_macro   0x0001f9da      0xd69 ./Core/Src/dma.o
 .debug_macro   0x00020743      0x1db ./Core/Src/dma.o
 .debug_macro   0x0002091e      0x1a6 ./Core/Src/dma.o
 .debug_macro   0x00020ac4      0x21c ./Core/Src/dma.o
 .debug_macro   0x00020ce0       0x61 ./Core/Src/dma.o
 .debug_macro   0x00020d41       0xd5 ./Core/Src/dma.o
 .debug_macro   0x00020e16      0x149 ./Core/Src/dma.o
 .debug_macro   0x00020f5f      0x1e6 ./Core/Src/dma.o
 .debug_macro   0x00021145       0xe8 ./Core/Src/dma.o
 .debug_macro   0x0002122d      0x232 ./Core/Src/gpio.o
 .debug_macro   0x0002145f      0x25a ./Core/Src/main.o
 .debug_macro   0x000216b9      0x228 ./Core/Src/stm32f4xx_hal_msp.o
 .debug_macro   0x000218e1      0x238 ./Core/Src/stm32f4xx_it.o
 .debug_macro   0x00021b19      0x1c4 ./Core/Src/system_stm32f4xx.o
 .debug_macro   0x00021cdd      0x232 ./Core/Src/tim.o
 .debug_macro   0x00021f0f      0x232 ./Core/Src/usart.o
 .debug_macro   0x00022141      0x224 ./Drivers/STM32F4xx_HAL_Driver/Src/stm32f4xx_hal.o
 .debug_macro   0x00022365      0x1c4 ./Drivers/STM32F4xx_HAL_Driver/Src/stm32f4xx_hal_cortex.o
 .debug_macro   0x00022529      0x1ca ./Drivers/STM32F4xx_HAL_Driver/Src/stm32f4xx_hal_gpio.o
 .debug_macro   0x000226f3      0x1dc ./Drivers/STM32F4xx_HAL_Driver/Src/stm32f4xx_hal_pwr_ex.o
 .debug_macro   0x000228cf      0x1e8 ./Drivers/STM32F4xx_HAL_Driver/Src/stm32f4xx_hal_rcc.o
 .debug_macro   0x00022ab7      0x1c4 ./Drivers/STM32F4xx_HAL_Driver/Src/stm32f4xx_hal_rcc_ex.o
 .debug_macro   0x00022c7b      0x1c5 ./Drivers/STM32F4xx_HAL_Driver/Src/stm32f4xx_hal_tim.o
 .debug_macro   0x00022e40      0x1c4 ./Drivers/STM32F4xx_HAL_Driver/Src/stm32f4xx_hal_tim_ex.o
 .debug_macro   0x00023004      0x206 ./Drivers/STM32F4xx_HAL_Driver/Src/stm32f4xx_ll_gpio.o
 .debug_macro   0x0002320a      0x143 ./Drivers/STM32F4xx_HAL_Driver/Src/stm32f4xx_ll_gpio.o
 .debug_macro   0x0002334d      0x203 ./Drivers/STM32F4xx_HAL_Driver/Src/stm32f4xx_ll_rcc.o
 .debug_macro   0x00023550      0xd63 ./Drivers/STM32F4xx_HAL_Driver/Src/stm32f4xx_ll_rcc.o
 .debug_macro   0x000242b3      0x233 ./Drivers/STM32F4xx_HAL_Driver/Src/stm32f4xx_ll_usart.o
 .debug_macro   0x000244e6      0x1b5 ./Drivers/STM32F4xx_HAL_Driver/Src/stm32f4xx_ll_usart.o

.debug_line     0x00000000    0x10eae
 .debug_line    0x00000000      0x900 ./Core/Src/dma.o
 .debug_line    0x00000900      0x847 ./Core/Src/gpio.o
 .debug_line    0x00001147      0x9ec ./Core/Src/main.o
 .debug_line    0x00001b33      0x81f ./Core/Src/stm32f4xx_hal_msp.o
 .debug_line    0x00002352      0xab4 ./Core/Src/stm32f4xx_it.o
 .debug_line    0x00002e06      0x7bb ./Core/Src/system_stm32f4xx.o
 .debug_line    0x000035c1      0x879 ./Core/Src/tim.o
 .debug_line    0x00003e3a      0xac7 ./Core/Src/usart.o
 .debug_line    0x00004901       0x7a ./Core/Startup/startup_stm32f446retx.o
 .debug_line    0x0000497b      0xa24 ./Drivers/STM32F4xx_HAL_Driver/Src/stm32f4xx_hal.o
 .debug_line    0x0000539f      0xcec ./Drivers/STM32F4xx_HAL_Driver/Src/stm32f4xx_hal_cortex.o
 .debug_line    0x0000608b      0xb9c ./Drivers/STM32F4xx_HAL_Driver/Src/stm32f4xx_hal_gpio.o
 .debug_line    0x00006c27      0x94d ./Drivers/STM32F4xx_HAL_Driver/Src/stm32f4xx_hal_pwr_ex.o
 .debug_line    0x00007574      0xda3 ./Drivers/STM32F4xx_HAL_Driver/Src/stm32f4xx_hal_rcc.o
 .debug_line    0x00008317     0x1442 ./Drivers/STM32F4xx_HAL_Driver/Src/stm32f4xx_hal_rcc_ex.o
 .debug_line    0x00009759     0x37c8 ./Drivers/STM32F4xx_HAL_Driver/Src/stm32f4xx_hal_tim.o
 .debug_line    0x0000cf21     0x1a1a ./Drivers/STM32F4xx_HAL_Driver/Src/stm32f4xx_hal_tim_ex.o
 .debug_line    0x0000e93b      0xa7a ./Drivers/STM32F4xx_HAL_Driver/Src/stm32f4xx_ll_gpio.o
 .debug_line    0x0000f3b5     0x1156 ./Drivers/STM32F4xx_HAL_Driver/Src/stm32f4xx_ll_rcc.o
 .debug_line    0x0001050b      0x9a3 ./Drivers/STM32F4xx_HAL_Driver/Src/stm32f4xx_ll_usart.o

.debug_str      0x00000000    0xdbec2
 .debug_str     0x00000000    0xd74ac ./Core/Src/dma.o
                              0xd7b7c (size before relaxing)
 .debug_str     0x000d74ac       0xcd ./Core/Src/gpio.o
                              0xd75c3 (size before relaxing)
 .debug_str     0x000d7579      0x32b ./Core/Src/main.o
                              0xd7874 (size before relaxing)
 .debug_str     0x000d78a4       0x2c ./Core/Src/stm32f4xx_hal_msp.o
                              0xd74f8 (size before relaxing)
 .debug_str     0x000d78d0      0x651 ./Core/Src/stm32f4xx_it.o
                              0xd7b64 (size before relaxing)
 .debug_str     0x000d7f21       0x87 ./Core/Src/system_stm32f4xx.o
                              0xc792f (size before relaxing)
 .debug_str     0x000d7fa8      0x10b ./Core/Src/tim.o
                              0xd8095 (size before relaxing)
 .debug_str     0x000d80b3      0x1fa ./Core/Src/usart.o
                              0xd7e88 (size before relaxing)
 .debug_str     0x000d82ad       0x44 ./Core/Startup/startup_stm32f446retx.o
                                 0x84 (size before relaxing)
 .debug_str     0x000d82f1      0x612 ./Drivers/STM32F4xx_HAL_Driver/Src/stm32f4xx_hal.o
                              0xc84f4 (size before relaxing)
 .debug_str     0x000d8903      0x2a8 ./Drivers/STM32F4xx_HAL_Driver/Src/stm32f4xx_hal_cortex.o
                              0xc8219 (size before relaxing)
 .debug_str     0x000d8bab      0x131 ./Drivers/STM32F4xx_HAL_Driver/Src/stm32f4xx_hal_gpio.o
                              0xc7aaa (size before relaxing)
 .debug_str     0x000d8cdc      0x135 ./Drivers/STM32F4xx_HAL_Driver/Src/stm32f4xx_hal_pwr_ex.o
                              0xc7b07 (size before relaxing)
 .debug_str     0x000d8e11      0x233 ./Drivers/STM32F4xx_HAL_Driver/Src/stm32f4xx_hal_rcc.o
                              0xc7d68 (size before relaxing)
 .debug_str     0x000d9044      0x312 ./Drivers/STM32F4xx_HAL_Driver/Src/stm32f4xx_hal_rcc_ex.o
                              0xc7d9b (size before relaxing)
 .debug_str     0x000d9356      0xe75 ./Drivers/STM32F4xx_HAL_Driver/Src/stm32f4xx_hal_tim.o
                              0xc8c94 (size before relaxing)
 .debug_str     0x000da1cb      0x493 ./Drivers/STM32F4xx_HAL_Driver/Src/stm32f4xx_hal_tim_ex.o
                              0xc84a0 (size before relaxing)
 .debug_str     0x000da65e      0x665 ./Drivers/STM32F4xx_HAL_Driver/Src/stm32f4xx_ll_gpio.o
                              0xc9315 (size before relaxing)
 .debug_str     0x000dacc3      0x9e3 ./Drivers/STM32F4xx_HAL_Driver/Src/stm32f4xx_ll_rcc.o
                              0xd1e1e (size before relaxing)
 .debug_str     0x000db6a6      0x81c ./Drivers/STM32F4xx_HAL_Driver/Src/stm32f4xx_ll_usart.o
                              0xd37b5 (size before relaxing)

.comment        0x00000000       0x43
 .comment       0x00000000       0x43 ./Core/Src/dma.o
                                 0x44 (size before relaxing)
 .comment       0x00000043       0x44 ./Core/Src/gpio.o
 .comment       0x00000043       0x44 ./Core/Src/main.o
 .comment       0x00000043       0x44 ./Core/Src/stm32f4xx_hal_msp.o
 .comment       0x00000043       0x44 ./Core/Src/stm32f4xx_it.o
 .comment       0x00000043       0x44 ./Core/Src/system_stm32f4xx.o
 .comment       0x00000043       0x44 ./Core/Src/tim.o
 .comment       0x00000043       0x44 ./Core/Src/usart.o
 .comment       0x00000043       0x44 ./Drivers/STM32F4xx_HAL_Driver/Src/stm32f4xx_hal.o
 .comment       0x00000043       0x44 ./Drivers/STM32F4xx_HAL_Driver/Src/stm32f4xx_hal_cortex.o
 .comment       0x00000043       0x44 ./Drivers/STM32F4xx_HAL_Driver/Src/stm32f4xx_hal_gpio.o
 .comment       0x00000043       0x44 ./Drivers/STM32F4xx_HAL_Driver/Src/stm32f4xx_hal_pwr_ex.o
 .comment       0x00000043       0x44 ./Drivers/STM32F4xx_HAL_Driver/Src/stm32f4xx_hal_rcc.o
 .comment       0x00000043       0x44 ./Drivers/STM32F4xx_HAL_Driver/Src/stm32f4xx_hal_rcc_ex.o
 .comment       0x00000043       0x44 ./Drivers/STM32F4xx_HAL_Driver/Src/stm32f4xx_hal_tim.o
 .comment       0x00000043       0x44 ./Drivers/STM32F4xx_HAL_Driver/Src/stm32f4xx_hal_tim_ex.o
 .comment       0x00000043       0x44 ./Drivers/STM32F4xx_HAL_Driver/Src/stm32f4xx_ll_gpio.o
 .comment       0x00000043       0x44 ./Drivers/STM32F4xx_HAL_Driver/Src/stm32f4xx_ll_rcc.o
 .comment       0x00000043       0x44 ./Drivers/STM32F4xx_HAL_Driver/Src/stm32f4xx_ll_usart.o

.debug_frame    0x00000000     0x3d10
 .debug_frame   0x00000000       0xcc ./Core/Src/dma.o
 .debug_frame   0x000000cc       0x34 ./Core/Src/gpio.o
 .debug_frame   0x00000100      0x158 ./Core/Src/main.o
 .debug_frame   0x00000258       0x38 ./Core/Src/stm32f4xx_hal_msp.o
 .debug_frame   0x00000290      0x318 ./Core/Src/stm32f4xx_it.o
 .debug_frame   0x000005a8       0x58 ./Core/Src/system_stm32f4xx.o
 .debug_frame   0x00000600       0x7c ./Core/Src/tim.o
 .debug_frame   0x0000067c      0x2d4 ./Core/Src/usart.o
 .debug_frame   0x00000950      0x374 ./Drivers/STM32F4xx_HAL_Driver/Src/stm32f4xx_hal.o
 .debug_frame   0x00000cc4      0x4b8 ./Drivers/STM32F4xx_HAL_Driver/Src/stm32f4xx_hal_cortex.o
 .debug_frame   0x0000117c      0x14c ./Drivers/STM32F4xx_HAL_Driver/Src/stm32f4xx_hal_gpio.o
 .debug_frame   0x000012c8      0x14c ./Drivers/STM32F4xx_HAL_Driver/Src/stm32f4xx_hal_pwr_ex.o
 .debug_frame   0x00001414      0x1f4 ./Drivers/STM32F4xx_HAL_Driver/Src/stm32f4xx_hal_rcc.o
 .debug_frame   0x00001608      0x1e8 ./Drivers/STM32F4xx_HAL_Driver/Src/stm32f4xx_hal_rcc_ex.o
 .debug_frame   0x000017f0     0x11c0 ./Drivers/STM32F4xx_HAL_Driver/Src/stm32f4xx_hal_tim.o
 .debug_frame   0x000029b0      0x638 ./Drivers/STM32F4xx_HAL_Driver/Src/stm32f4xx_hal_tim_ex.o
 .debug_frame   0x00002fe8      0x1c0 ./Drivers/STM32F4xx_HAL_Driver/Src/stm32f4xx_ll_gpio.o
 .debug_frame   0x000031a8      0x87c ./Drivers/STM32F4xx_HAL_Driver/Src/stm32f4xx_ll_rcc.o
 .debug_frame   0x00003a24      0x240 ./Drivers/STM32F4xx_HAL_Driver/Src/stm32f4xx_ll_usart.o
 .debug_frame   0x00003c64       0x20 C:/ST/STM32CubeIDE_1.16.0/STM32CubeIDE/plugins/com.st.stm32cube.ide.mcu.externaltools.gnu-tools-for-stm32.12.3.rel1.win32_1.0.200.202406191623/tools/bin/../lib/gcc/arm-none-eabi/12.3.1/../../../../arm-none-eabi/lib/thumb/v7e-m+fp/hard\libc_nano.a(libc_a-memset.o)
 .debug_frame   0x00003c84       0x2c C:/ST/STM32CubeIDE_1.16.0/STM32CubeIDE/plugins/com.st.stm32cube.ide.mcu.externaltools.gnu-tools-for-stm32.12.3.rel1.win32_1.0.200.202406191623/tools/bin/../lib/gcc/arm-none-eabi/12.3.1/../../../../arm-none-eabi/lib/thumb/v7e-m+fp/hard\libc_nano.a(libc_a-init.o)
 .debug_frame   0x00003cb0       0x2c C:/ST/STM32CubeIDE_1.16.0/STM32CubeIDE/plugins/com.st.stm32cube.ide.mcu.externaltools.gnu-tools-for-stm32.12.3.rel1.win32_1.0.200.202406191623/tools/bin/../lib/gcc/arm-none-eabi/12.3.1/thumb/v7e-m+fp/hard\libgcc.a(_aeabi_uldivmod.o)
 .debug_frame   0x00003cdc       0x34 C:/ST/STM32CubeIDE_1.16.0/STM32CubeIDE/plugins/com.st.stm32cube.ide.mcu.externaltools.gnu-tools-for-stm32.12.3.rel1.win32_1.0.200.202406191623/tools/bin/../lib/gcc/arm-none-eabi/12.3.1/thumb/v7e-m+fp/hard\libgcc.a(_udivmoddi4.o)

.debug_line_str
                0x00000000       0x68
 .debug_line_str
                0x00000000       0x68 ./Core/Startup/startup_stm32f446retx.o
