../Drivers/STM32F4xx_HAL_Driver/Inc/stm32f4xx_ll_usart.h:1770:26:LL_USART_IsActiveFlag_ORE	16	static
../Drivers/STM32F4xx_HAL_Driver/Inc/stm32f4xx_ll_usart.h:1781:26:LL_USART_IsActiveFlag_IDLE	16	static
../Drivers/STM32F4xx_HAL_Driver/Inc/stm32f4xx_ll_usart.h:1814:26:LL_USART_IsActiveFlag_TXE	16	static
../Drivers/STM32F4xx_HAL_Driver/Inc/stm32f4xx_ll_usart.h:1934:22:LL_USART_ClearFlag_ORE	24	static
../Drivers/STM32F4xx_HAL_Driver/Inc/stm32f4xx_ll_usart.h:1953:22:LL_USART_ClearFlag_IDLE	24	static
../Drivers/STM32F4xx_HAL_Driver/Inc/stm32f4xx_ll_usart.h:2426:22:LL_USART_TransmitData8	16	static
../Drivers/STM32F4xx_HAL_Driver/Inc/stm32f4xx_ll_dma.h:494:22:LL_DMA_EnableStream	16	static
../Drivers/STM32F4xx_HAL_Driver/Inc/stm32f4xx_ll_dma.h:514:22:LL_DMA_DisableStream	16	static
../Drivers/STM32F4xx_HAL_Driver/Inc/stm32f4xx_ll_dma.h:968:22:LL_DMA_SetDataLength	24	static
../Drivers/STM32F4xx_HAL_Driver/Inc/stm32f4xx_ll_dma.h:990:26:LL_DMA_GetDataLength	16	static
../Core/Src/stm32f4xx_it.c:63:6:NMI_Handler	4	static
../Core/Src/stm32f4xx_it.c:73:6:HardFault_Handler	4	static
../Core/Src/stm32f4xx_it.c:83:6:MemManage_Handler	4	static
../Core/Src/stm32f4xx_it.c:93:6:BusFault_Handler	4	static
../Core/Src/stm32f4xx_it.c:103:6:UsageFault_Handler	4	static
../Core/Src/stm32f4xx_it.c:113:6:SVC_Handler	4	static
../Core/Src/stm32f4xx_it.c:120:6:DebugMon_Handler	4	static
../Core/Src/stm32f4xx_it.c:127:6:PendSV_Handler	4	static
../Core/Src/stm32f4xx_it.c:134:6:SysTick_Handler	8	static
../Core/Src/stm32f4xx_it.c:149:6:DMA1_Stream1_IRQHandler	4	static
../Core/Src/stm32f4xx_it.c:156:6:USART3_IRQHandler	16	static
../Core/Src/stm32f4xx_it.c:178:6:writePacket	24	static
../Core/Src/stm32f4xx_it.c:190:6:TIM6_DAC_IRQHandler	8	static
