01:06:38 **** Incremental Build of configuration Debug for project balancing robot_jian ****
make -j8 all 
arm-none-eabi-gcc "../Core/Src/main.c" -mcpu=cortex-m4 -std=gnu11 -g3 -DDEBUG -DUSE_HAL_DRIVER -DSTM32F446xx -c -I../Core/Inc -I../Drivers/STM32F4xx_HAL_Driver/Inc -I../Drivers/STM32F4xx_HAL_Driver/Inc/Legacy -I../Drivers/CMSIS/Device/ST/STM32F4xx/Include -I../Drivers/CMSIS/Include -O0 -ffunction-sections -fdata-sections -Wall -fstack-usage -fcyclomatic-complexity -MMD -MP -MF"Core/Src/main.d" -MT"Core/Src/main.o" --specs=nano.specs -mfpu=fpv4-sp-d16 -mfloat-abi=hard -mthumb -o "Core/Src/main.o"
arm-none-eabi-gcc -o "balancing robot_jian.elf" @"objects.list"   -mcpu=cortex-m4 -T"C:\Users\chlqj\STM32CubeIDE\workspace_1.16.0\balancing robot_jian\STM32F446RETX_FLASH.ld" --specs=nosys.specs -Wl,-Map="balancing robot_jian.map" -Wl,--gc-sections -static --specs=nano.specs -mfpu=fpv4-sp-d16 -mfloat-abi=hard -mthumb -Wl,--start-group -lc -lm -Wl,--end-group
Finished building target: balancing robot_jian.elf
 
arm-none-eabi-size  balancing\ robot_jian.elf 
arm-none-eabi-objdump -h -S balancing\ robot_jian.elf  > "balancing robot_jian.list"
   text	   data	    bss	    dec	    hex	filename
  29292	    148	   2532	  31972	   7ce4	balancing robot_jian.elf
Finished building: default.size.stdout
 
Finished building: balancing robot_jian.list
 
01:07:36 **** Incremental Build of configuration Debug for project balancing robot_jian ****
make -j8 all 
arm-none-eabi-size  balancing\ robot_jian.elf 
   text	   data	    bss	    dec	    hex	filename
  29292	    148	   2532	  31972	   7ce4	balancing robot_jian.elf
Finished building: default.size.stdout
 
01:12:10 **** Incremental Build of configuration Debug for project balancing robot_jian ****
make -j8 all 
arm-none-eabi-size  balancing\ robot_jian.elf 
   text	   data	    bss	    dec	    hex	filename
  29292	    148	   2532	  31972	   7ce4	balancing robot_jian.elf
Finished building: default.size.stdout
 
01:14:12 **** Incremental Build of configuration Debug for project balancing robot_jian ****
make -j8 all 
arm-none-eabi-gcc "../Core/Src/main.c" -mcpu=cortex-m4 -std=gnu11 -g3 -DDEBUG -DUSE_HAL_DRIVER -DSTM32F446xx -c -I../Core/Inc -I../Drivers/STM32F4xx_HAL_Driver/Inc -I../Drivers/STM32F4xx_HAL_Driver/Inc/Legacy -I../Drivers/CMSIS/Device/ST/STM32F4xx/Include -I../Drivers/CMSIS/Include -O0 -ffunction-sections -fdata-sections -Wall -fstack-usage -fcyclomatic-complexity -MMD -MP -MF"Core/Src/main.d" -MT"Core/Src/main.o" --specs=nano.specs -mfpu=fpv4-sp-d16 -mfloat-abi=hard -mthumb -o "Core/Src/main.o"
arm-none-eabi-gcc -o "balancing robot_jian.elf" @"objects.list"   -mcpu=cortex-m4 -T"C:\Users\chlqj\STM32CubeIDE\workspace_1.16.0\balancing robot_jian\STM32F446RETX_FLASH.ld" --specs=nosys.specs -Wl,-Map="balancing robot_jian.map" -Wl,--gc-sections -static --specs=nano.specs -mfpu=fpv4-sp-d16 -mfloat-abi=hard -mthumb -Wl,--start-group -lc -lm -Wl,--end-group
Finished building target: balancing robot_jian.elf
 
arm-none-eabi-size  balancing\ robot_jian.elf 
arm-none-eabi-objdump -h -S balancing\ robot_jian.elf  > "balancing robot_jian.list"
   text	   data	    bss	    dec	    hex	filename
  28852	    128	   2528	  31508	   7b14	balancing robot_jian.elf
Finished building: default.size.stdout
 
Finished building: balancing robot_jian.list
 
01:49:08 **** Incremental Build of configuration Debug for project balancing robot_jian ****
make -j8 all 
arm-none-eabi-gcc "../Core/Src/main.c" -mcpu=cortex-m4 -std=gnu11 -g3 -DDEBUG -DUSE_HAL_DRIVER -DSTM32F446xx -c -I../Core/Inc -I../Drivers/STM32F4xx_HAL_Driver/Inc -I../Drivers/STM32F4xx_HAL_Driver/Inc/Legacy -I../Drivers/CMSIS/Device/ST/STM32F4xx/Include -I../Drivers/CMSIS/Include -O0 -ffunction-sections -fdata-sections -Wall -fstack-usage -fcyclomatic-complexity -MMD -MP -MF"Core/Src/main.d" -MT"Core/Src/main.o" --specs=nano.specs -mfpu=fpv4-sp-d16 -mfloat-abi=hard -mthumb -o "Core/Src/main.o"
arm-none-eabi-gcc -o "balancing robot_jian.elf" @"objects.list"   -mcpu=cortex-m4 -T"C:\Users\chlqj\STM32CubeIDE\workspace_1.16.0\balancing robot_jian\STM32F446RETX_FLASH.ld" --specs=nosys.specs -Wl,-Map="balancing robot_jian.map" -Wl,--gc-sections -static --specs=nano.specs -mfpu=fpv4-sp-d16 -mfloat-abi=hard -mthumb -Wl,--start-group -lc -lm -Wl,--end-group
Finished building target: balancing robot_jian.elf
 
arm-none-eabi-size  balancing\ robot_jian.elf 
arm-none-eabi-objdump -h -S balancing\ robot_jian.elf  > "balancing robot_jian.list"
   text	   data	    bss	    dec	    hex	filename
  28844	    136	   2520	  31500	   7b0c	balancing robot_jian.elf
Finished building: default.size.stdout
 
Finished building: balancing robot_jian.list
 
01:53:21 **** Incremental Build of configuration Debug for project balancing robot_jian ****
make -j8 all 
arm-none-eabi-gcc "../Core/Src/main.c" -mcpu=cortex-m4 -std=gnu11 -g3 -DDEBUG -DUSE_HAL_DRIVER -DSTM32F446xx -c -I../Core/Inc -I../Drivers/STM32F4xx_HAL_Driver/Inc -I../Drivers/STM32F4xx_HAL_Driver/Inc/Legacy -I../Drivers/CMSIS/Device/ST/STM32F4xx/Include -I../Drivers/CMSIS/Include -O0 -ffunction-sections -fdata-sections -Wall -fstack-usage -fcyclomatic-complexity -MMD -MP -MF"Core/Src/main.d" -MT"Core/Src/main.o" --specs=nano.specs -mfpu=fpv4-sp-d16 -mfloat-abi=hard -mthumb -o "Core/Src/main.o"
arm-none-eabi-gcc -o "balancing robot_jian.elf" @"objects.list"   -mcpu=cortex-m4 -T"C:\Users\chlqj\STM32CubeIDE\workspace_1.16.0\balancing robot_jian\STM32F446RETX_FLASH.ld" --specs=nosys.specs -Wl,-Map="balancing robot_jian.map" -Wl,--gc-sections -static --specs=nano.specs -mfpu=fpv4-sp-d16 -mfloat-abi=hard -mthumb -Wl,--start-group -lc -lm -Wl,--end-group
Finished building target: balancing robot_jian.elf
 
arm-none-eabi-size  balancing\ robot_jian.elf 
arm-none-eabi-objdump -h -S balancing\ robot_jian.elf  > "balancing robot_jian.list"
   text	   data	    bss	    dec	    hex	filename
  28884	    136	   2520	  31540	   7b34	balancing robot_jian.elf
Finished building: default.size.stdout
 
Finished building: balancing robot_jian.list
 
01:54:36 **** Incremental Build of configuration Debug for project balancing robot_jian ****
make -j8 all 
arm-none-eabi-gcc "../Core/Src/main.c" -mcpu=cortex-m4 -std=gnu11 -g3 -DDEBUG -DUSE_HAL_DRIVER -DSTM32F446xx -c -I../Core/Inc -I../Drivers/STM32F4xx_HAL_Driver/Inc -I../Drivers/STM32F4xx_HAL_Driver/Inc/Legacy -I../Drivers/CMSIS/Device/ST/STM32F4xx/Include -I../Drivers/CMSIS/Include -O0 -ffunction-sections -fdata-sections -Wall -fstack-usage -fcyclomatic-complexity -MMD -MP -MF"Core/Src/main.d" -MT"Core/Src/main.o" --specs=nano.specs -mfpu=fpv4-sp-d16 -mfloat-abi=hard -mthumb -o "Core/Src/main.o"
arm-none-eabi-gcc -o "balancing robot_jian.elf" @"objects.list"   -mcpu=cortex-m4 -T"C:\Users\chlqj\STM32CubeIDE\workspace_1.16.0\balancing robot_jian\STM32F446RETX_FLASH.ld" --specs=nosys.specs -Wl,-Map="balancing robot_jian.map" -Wl,--gc-sections -static --specs=nano.specs -mfpu=fpv4-sp-d16 -mfloat-abi=hard -mthumb -Wl,--start-group -lc -lm -Wl,--end-group
Finished building target: balancing robot_jian.elf
 
arm-none-eabi-size  balancing\ robot_jian.elf 
arm-none-eabi-objdump -h -S balancing\ robot_jian.elf  > "balancing robot_jian.list"
   text	   data	    bss	    dec	    hex	filename
  28884	    136	   2520	  31540	   7b34	balancing robot_jian.elf
Finished building: default.size.stdout
 
Finished building: balancing robot_jian.list
 
01:57:15 **** Incremental Build of configuration Debug for project balancing robot_jian ****
make -j8 all 
arm-none-eabi-gcc "../Core/Src/main.c" -mcpu=cortex-m4 -std=gnu11 -g3 -DDEBUG -DUSE_HAL_DRIVER -DSTM32F446xx -c -I../Core/Inc -I../Drivers/STM32F4xx_HAL_Driver/Inc -I../Drivers/STM32F4xx_HAL_Driver/Inc/Legacy -I../Drivers/CMSIS/Device/ST/STM32F4xx/Include -I../Drivers/CMSIS/Include -O0 -ffunction-sections -fdata-sections -Wall -fstack-usage -fcyclomatic-complexity -MMD -MP -MF"Core/Src/main.d" -MT"Core/Src/main.o" --specs=nano.specs -mfpu=fpv4-sp-d16 -mfloat-abi=hard -mthumb -o "Core/Src/main.o"
arm-none-eabi-gcc -o "balancing robot_jian.elf" @"objects.list"   -mcpu=cortex-m4 -T"C:\Users\chlqj\STM32CubeIDE\workspace_1.16.0\balancing robot_jian\STM32F446RETX_FLASH.ld" --specs=nosys.specs -Wl,-Map="balancing robot_jian.map" -Wl,--gc-sections -static --specs=nano.specs -mfpu=fpv4-sp-d16 -mfloat-abi=hard -mthumb -Wl,--start-group -lc -lm -Wl,--end-group
Finished building target: balancing robot_jian.elf
 
arm-none-eabi-size  balancing\ robot_jian.elf 
arm-none-eabi-objdump -h -S balancing\ robot_jian.elf  > "balancing robot_jian.list"
   text	   data	    bss	    dec	    hex	filename
  28884	    136	   2520	  31540	   7b34	balancing robot_jian.elf
Finished building: default.size.stdout
 
Finished building: balancing robot_jian.list
 
02:01:39 **** Incremental Build of configuration Debug for project balancing robot_jian ****
make -j8 all 
arm-none-eabi-gcc "../Core/Src/main.c" -mcpu=cortex-m4 -std=gnu11 -g3 -DDEBUG -DUSE_HAL_DRIVER -DSTM32F446xx -c -I../Core/Inc -I../Drivers/STM32F4xx_HAL_Driver/Inc -I../Drivers/STM32F4xx_HAL_Driver/Inc/Legacy -I../Drivers/CMSIS/Device/ST/STM32F4xx/Include -I../Drivers/CMSIS/Include -O0 -ffunction-sections -fdata-sections -Wall -fstack-usage -fcyclomatic-complexity -MMD -MP -MF"Core/Src/main.d" -MT"Core/Src/main.o" --specs=nano.specs -mfpu=fpv4-sp-d16 -mfloat-abi=hard -mthumb -o "Core/Src/main.o"
arm-none-eabi-gcc -o "balancing robot_jian.elf" @"objects.list"   -mcpu=cortex-m4 -T"C:\Users\chlqj\STM32CubeIDE\workspace_1.16.0\balancing robot_jian\STM32F446RETX_FLASH.ld" --specs=nosys.specs -Wl,-Map="balancing robot_jian.map" -Wl,--gc-sections -static --specs=nano.specs -mfpu=fpv4-sp-d16 -mfloat-abi=hard -mthumb -Wl,--start-group -lc -lm -Wl,--end-group
Finished building target: balancing robot_jian.elf
 
arm-none-eabi-size  balancing\ robot_jian.elf 
arm-none-eabi-objdump -h -S balancing\ robot_jian.elf  > "balancing robot_jian.list"
   text	   data	    bss	    dec	    hex	filename
  28884	    136	   2520	  31540	   7b34	balancing robot_jian.elf
Finished building: default.size.stdout
 
Finished building: balancing robot_jian.list
 
02:07:38 **** Incremental Build of configuration Debug for project balancing robot_jian ****
make -j8 all 
arm-none-eabi-gcc "../Core/Src/main.c" -mcpu=cortex-m4 -std=gnu11 -g3 -DDEBUG -DUSE_HAL_DRIVER -DSTM32F446xx -c -I../Core/Inc -I../Drivers/STM32F4xx_HAL_Driver/Inc -I../Drivers/STM32F4xx_HAL_Driver/Inc/Legacy -I../Drivers/CMSIS/Device/ST/STM32F4xx/Include -I../Drivers/CMSIS/Include -O0 -ffunction-sections -fdata-sections -Wall -fstack-usage -fcyclomatic-complexity -MMD -MP -MF"Core/Src/main.d" -MT"Core/Src/main.o" --specs=nano.specs -mfpu=fpv4-sp-d16 -mfloat-abi=hard -mthumb -o "Core/Src/main.o"
arm-none-eabi-gcc -o "balancing robot_jian.elf" @"objects.list"   -mcpu=cortex-m4 -T"C:\Users\chlqj\STM32CubeIDE\workspace_1.16.0\balancing robot_jian\STM32F446RETX_FLASH.ld" --specs=nosys.specs -Wl,-Map="balancing robot_jian.map" -Wl,--gc-sections -static --specs=nano.specs -mfpu=fpv4-sp-d16 -mfloat-abi=hard -mthumb -Wl,--start-group -lc -lm -Wl,--end-group
Finished building target: balancing robot_jian.elf
 
arm-none-eabi-size  balancing\ robot_jian.elf 
arm-none-eabi-objdump -h -S balancing\ robot_jian.elf  > "balancing robot_jian.list"
   text	   data	    bss	    dec	    hex	filename
  28884	    136	   2520	  31540	   7b34	balancing robot_jian.elf
Finished building: default.size.stdout
 
Finished building: balancing robot_jian.list
 
02:08:39 **** Incremental Build of configuration Debug for project balancing robot_jian ****
make -j8 all 
arm-none-eabi-size  balancing\ robot_jian.elf 
   text	   data	    bss	    dec	    hex	filename
  28884	    136	   2520	  31540	   7b34	balancing robot_jian.elf
Finished building: default.size.stdout
 
02:25:45 **** Incremental Build of configuration Debug for project balancing robot_jian ****
make -j8 all 
arm-none-eabi-size  balancing\ robot_jian.elf 
   text	   data	    bss	    dec	    hex	filename
  28884	    136	   2520	  31540	   7b34	balancing robot_jian.elf
Finished building: default.size.stdout
 
02:31:15 **** Incremental Build of configuration Debug for project balancing robot_jian ****
make -j8 all 
arm-none-eabi-gcc "../Core/Src/main.c" -mcpu=cortex-m4 -std=gnu11 -g3 -DDEBUG -DUSE_HAL_DRIVER -DSTM32F446xx -c -I../Core/Inc -I../Drivers/STM32F4xx_HAL_Driver/Inc -I../Drivers/STM32F4xx_HAL_Driver/Inc/Legacy -I../Drivers/CMSIS/Device/ST/STM32F4xx/Include -I../Drivers/CMSIS/Include -O0 -ffunction-sections -fdata-sections -Wall -fstack-usage -fcyclomatic-complexity -MMD -MP -MF"Core/Src/main.d" -MT"Core/Src/main.o" --specs=nano.specs -mfpu=fpv4-sp-d16 -mfloat-abi=hard -mthumb -o "Core/Src/main.o"
arm-none-eabi-gcc -o "balancing robot_jian.elf" @"objects.list"   -mcpu=cortex-m4 -T"C:\Users\chlqj\STM32CubeIDE\workspace_1.16.0\balancing robot_jian\STM32F446RETX_FLASH.ld" --specs=nosys.specs -Wl,-Map="balancing robot_jian.map" -Wl,--gc-sections -static --specs=nano.specs -mfpu=fpv4-sp-d16 -mfloat-abi=hard -mthumb -Wl,--start-group -lc -lm -Wl,--end-group
Finished building target: balancing robot_jian.elf
 
arm-none-eabi-size  balancing\ robot_jian.elf 
arm-none-eabi-objdump -h -S balancing\ robot_jian.elf  > "balancing robot_jian.list"
   text	   data	    bss	    dec	    hex	filename
  28884	    136	   2520	  31540	   7b34	balancing robot_jian.elf
Finished building: default.size.stdout
 
Finished building: balancing robot_jian.list
 
02:33:16 **** Incremental Build of configuration Debug for project balancing robot_jian ****
make -j8 all 
arm-none-eabi-gcc "../Core/Src/main.c" -mcpu=cortex-m4 -std=gnu11 -g3 -DDEBUG -DUSE_HAL_DRIVER -DSTM32F446xx -c -I../Core/Inc -I../Drivers/STM32F4xx_HAL_Driver/Inc -I../Drivers/STM32F4xx_HAL_Driver/Inc/Legacy -I../Drivers/CMSIS/Device/ST/STM32F4xx/Include -I../Drivers/CMSIS/Include -O0 -ffunction-sections -fdata-sections -Wall -fstack-usage -fcyclomatic-complexity -MMD -MP -MF"Core/Src/main.d" -MT"Core/Src/main.o" --specs=nano.specs -mfpu=fpv4-sp-d16 -mfloat-abi=hard -mthumb -o "Core/Src/main.o"
arm-none-eabi-gcc -o "balancing robot_jian.elf" @"objects.list"   -mcpu=cortex-m4 -T"C:\Users\chlqj\STM32CubeIDE\workspace_1.16.0\balancing robot_jian\STM32F446RETX_FLASH.ld" --specs=nosys.specs -Wl,-Map="balancing robot_jian.map" -Wl,--gc-sections -static --specs=nano.specs -mfpu=fpv4-sp-d16 -mfloat-abi=hard -mthumb -Wl,--start-group -lc -lm -Wl,--end-group
Finished building target: balancing robot_jian.elf
 
arm-none-eabi-size  balancing\ robot_jian.elf 
arm-none-eabi-objdump -h -S balancing\ robot_jian.elf  > "balancing robot_jian.list"
   text	   data	    bss	    dec	    hex	filename
  28884	    136	   2520	  31540	   7b34	balancing robot_jian.elf
Finished building: default.size.stdout
 
Finished building: balancing robot_jian.list
 
02:35:00 **** Incremental Build of configuration Debug for project balancing robot_jian ****
make -j8 all 
arm-none-eabi-gcc "../Core/Src/main.c" -mcpu=cortex-m4 -std=gnu11 -g3 -DDEBUG -DUSE_HAL_DRIVER -DSTM32F446xx -c -I../Core/Inc -I../Drivers/STM32F4xx_HAL_Driver/Inc -I../Drivers/STM32F4xx_HAL_Driver/Inc/Legacy -I../Drivers/CMSIS/Device/ST/STM32F4xx/Include -I../Drivers/CMSIS/Include -O0 -ffunction-sections -fdata-sections -Wall -fstack-usage -fcyclomatic-complexity -MMD -MP -MF"Core/Src/main.d" -MT"Core/Src/main.o" --specs=nano.specs -mfpu=fpv4-sp-d16 -mfloat-abi=hard -mthumb -o "Core/Src/main.o"
arm-none-eabi-gcc -o "balancing robot_jian.elf" @"objects.list"   -mcpu=cortex-m4 -T"C:\Users\chlqj\STM32CubeIDE\workspace_1.16.0\balancing robot_jian\STM32F446RETX_FLASH.ld" --specs=nosys.specs -Wl,-Map="balancing robot_jian.map" -Wl,--gc-sections -static --specs=nano.specs -mfpu=fpv4-sp-d16 -mfloat-abi=hard -mthumb -Wl,--start-group -lc -lm -Wl,--end-group
Finished building target: balancing robot_jian.elf
 
arm-none-eabi-size  balancing\ robot_jian.elf 
arm-none-eabi-objdump -h -S balancing\ robot_jian.elf  > "balancing robot_jian.list"
   text	   data	    bss	    dec	    hex	filename
  28860	    136	   2520	  31516	   7b1c	balancing robot_jian.elf
Finished building: default.size.stdout
 
Finished building: balancing robot_jian.list
 
02:36:00 **** Incremental Build of configuration Debug for project balancing robot_jian ****
make -j8 all 
arm-none-eabi-gcc "../Core/Src/main.c" -mcpu=cortex-m4 -std=gnu11 -g3 -DDEBUG -DUSE_HAL_DRIVER -DSTM32F446xx -c -I../Core/Inc -I../Drivers/STM32F4xx_HAL_Driver/Inc -I../Drivers/STM32F4xx_HAL_Driver/Inc/Legacy -I../Drivers/CMSIS/Device/ST/STM32F4xx/Include -I../Drivers/CMSIS/Include -O0 -ffunction-sections -fdata-sections -Wall -fstack-usage -fcyclomatic-complexity -MMD -MP -MF"Core/Src/main.d" -MT"Core/Src/main.o" --specs=nano.specs -mfpu=fpv4-sp-d16 -mfloat-abi=hard -mthumb -o "Core/Src/main.o"
arm-none-eabi-gcc -o "balancing robot_jian.elf" @"objects.list"   -mcpu=cortex-m4 -T"C:\Users\chlqj\STM32CubeIDE\workspace_1.16.0\balancing robot_jian\STM32F446RETX_FLASH.ld" --specs=nosys.specs -Wl,-Map="balancing robot_jian.map" -Wl,--gc-sections -static --specs=nano.specs -mfpu=fpv4-sp-d16 -mfloat-abi=hard -mthumb -Wl,--start-group -lc -lm -Wl,--end-group
Finished building target: balancing robot_jian.elf
 
arm-none-eabi-size  balancing\ robot_jian.elf 
arm-none-eabi-objdump -h -S balancing\ robot_jian.elf  > "balancing robot_jian.list"
   text	   data	    bss	    dec	    hex	filename
  28860	    136	   2520	  31516	   7b1c	balancing robot_jian.elf
Finished building: default.size.stdout
 
Finished building: balancing robot_jian.list
 
02:47:56 **** Incremental Build of configuration Debug for project balancing robot_jian ****
make -j8 all 
arm-none-eabi-gcc "../Core/Src/main.c" -mcpu=cortex-m4 -std=gnu11 -g3 -DDEBUG -DUSE_HAL_DRIVER -DSTM32F446xx -c -I../Core/Inc -I../Drivers/STM32F4xx_HAL_Driver/Inc -I../Drivers/STM32F4xx_HAL_Driver/Inc/Legacy -I../Drivers/CMSIS/Device/ST/STM32F4xx/Include -I../Drivers/CMSIS/Include -O0 -ffunction-sections -fdata-sections -Wall -fstack-usage -fcyclomatic-complexity -MMD -MP -MF"Core/Src/main.d" -MT"Core/Src/main.o" --specs=nano.specs -mfpu=fpv4-sp-d16 -mfloat-abi=hard -mthumb -o "Core/Src/main.o"
arm-none-eabi-gcc -o "balancing robot_jian.elf" @"objects.list"   -mcpu=cortex-m4 -T"C:\Users\chlqj\STM32CubeIDE\workspace_1.16.0\balancing robot_jian\STM32F446RETX_FLASH.ld" --specs=nosys.specs -Wl,-Map="balancing robot_jian.map" -Wl,--gc-sections -static --specs=nano.specs -mfpu=fpv4-sp-d16 -mfloat-abi=hard -mthumb -Wl,--start-group -lc -lm -Wl,--end-group
Finished building target: balancing robot_jian.elf
 
arm-none-eabi-size  balancing\ robot_jian.elf 
arm-none-eabi-objdump -h -S balancing\ robot_jian.elf  > "balancing robot_jian.list"
   text	   data	    bss	    dec	    hex	filename
  28860	    140	   2516	  31516	   7b1c	balancing robot_jian.elf
Finished building: default.size.stdout
 
Finished building: balancing robot_jian.list
 
03:30:06 **** Incremental Build of configuration Debug for project balancing robot_jian ****
make -j8 all 
arm-none-eabi-gcc "../Core/Src/main.c" -mcpu=cortex-m4 -std=gnu11 -g3 -DDEBUG -DUSE_HAL_DRIVER -DSTM32F446xx -c -I../Core/Inc -I../Drivers/STM32F4xx_HAL_Driver/Inc -I../Drivers/STM32F4xx_HAL_Driver/Inc/Legacy -I../Drivers/CMSIS/Device/ST/STM32F4xx/Include -I../Drivers/CMSIS/Include -O0 -ffunction-sections -fdata-sections -Wall -fstack-usage -fcyclomatic-complexity -MMD -MP -MF"Core/Src/main.d" -MT"Core/Src/main.o" --specs=nano.specs -mfpu=fpv4-sp-d16 -mfloat-abi=hard -mthumb -o "Core/Src/main.o"
arm-none-eabi-gcc -o "balancing robot_jian.elf" @"objects.list"   -mcpu=cortex-m4 -T"C:\Users\chlqj\STM32CubeIDE\workspace_1.16.0\balancing robot_jian\STM32F446RETX_FLASH.ld" --specs=nosys.specs -Wl,-Map="balancing robot_jian.map" -Wl,--gc-sections -static --specs=nano.specs -mfpu=fpv4-sp-d16 -mfloat-abi=hard -mthumb -Wl,--start-group -lc -lm -Wl,--end-group
Finished building target: balancing robot_jian.elf
 
arm-none-eabi-size  balancing\ robot_jian.elf 
arm-none-eabi-objdump -h -S balancing\ robot_jian.elf  > "balancing robot_jian.list"
   text	   data	    bss	    dec	    hex	filename
  28860	    140	   2516	  31516	   7b1c	balancing robot_jian.elf
Finished building: default.size.stdout
 
Finished building: balancing robot_jian.list
 
03:34:39 **** Incremental Build of configuration Debug for project balancing robot_jian ****
make -j8 all 
arm-none-eabi-gcc "../Core/Src/main.c" -mcpu=cortex-m4 -std=gnu11 -g3 -DDEBUG -DUSE_HAL_DRIVER -DSTM32F446xx -c -I../Core/Inc -I../Drivers/STM32F4xx_HAL_Driver/Inc -I../Drivers/STM32F4xx_HAL_Driver/Inc/Legacy -I../Drivers/CMSIS/Device/ST/STM32F4xx/Include -I../Drivers/CMSIS/Include -O0 -ffunction-sections -fdata-sections -Wall -fstack-usage -fcyclomatic-complexity -MMD -MP -MF"Core/Src/main.d" -MT"Core/Src/main.o" --specs=nano.specs -mfpu=fpv4-sp-d16 -mfloat-abi=hard -mthumb -o "Core/Src/main.o"
arm-none-eabi-gcc -o "balancing robot_jian.elf" @"objects.list"   -mcpu=cortex-m4 -T"C:\Users\chlqj\STM32CubeIDE\workspace_1.16.0\balancing robot_jian\STM32F446RETX_FLASH.ld" --specs=nosys.specs -Wl,-Map="balancing robot_jian.map" -Wl,--gc-sections -static --specs=nano.specs -mfpu=fpv4-sp-d16 -mfloat-abi=hard -mthumb -Wl,--start-group -lc -lm -Wl,--end-group
Finished building target: balancing robot_jian.elf
 
arm-none-eabi-size  balancing\ robot_jian.elf 
arm-none-eabi-objdump -h -S balancing\ robot_jian.elf  > "balancing robot_jian.list"
   text	   data	    bss	    dec	    hex	filename
  28860	    140	   2516	  31516	   7b1c	balancing robot_jian.elf
Finished building: default.size.stdout
 
Finished building: balancing robot_jian.list
 
17:56:13 **** Incremental Build of configuration Debug for project balancing robot_jian ****
make -j8 all 
arm-none-eabi-gcc "../Core/Src/main.c" -mcpu=cortex-m4 -std=gnu11 -g3 -DDEBUG -DUSE_HAL_DRIVER -DSTM32F446xx -c -I../Core/Inc -I../Drivers/STM32F4xx_HAL_Driver/Inc -I../Drivers/STM32F4xx_HAL_Driver/Inc/Legacy -I../Drivers/CMSIS/Device/ST/STM32F4xx/Include -I../Drivers/CMSIS/Include -O0 -ffunction-sections -fdata-sections -Wall -fstack-usage -fcyclomatic-complexity -MMD -MP -MF"Core/Src/main.d" -MT"Core/Src/main.o" --specs=nano.specs -mfpu=fpv4-sp-d16 -mfloat-abi=hard -mthumb -o "Core/Src/main.o"
arm-none-eabi-gcc -o "balancing robot_jian.elf" @"objects.list"   -mcpu=cortex-m4 -T"C:\Users\chlqj\STM32CubeIDE\workspace_1.16.0\balancing robot_jian\STM32F446RETX_FLASH.ld" --specs=nosys.specs -Wl,-Map="balancing robot_jian.map" -Wl,--gc-sections -static --specs=nano.specs -mfpu=fpv4-sp-d16 -mfloat-abi=hard -mthumb -Wl,--start-group -lc -lm -Wl,--end-group
Finished building target: balancing robot_jian.elf
 
arm-none-eabi-size  balancing\ robot_jian.elf 
arm-none-eabi-objdump -h -S balancing\ robot_jian.elf  > "balancing robot_jian.list"
   text	   data	    bss	    dec	    hex	filename
  28860	    140	   2516	  31516	   7b1c	balancing robot_jian.elf
Finished building: default.size.stdout
 
Finished building: balancing robot_jian.list
 
18:13:59 **** Incremental Build of configuration Debug for project balancing robot_jian ****
make -j8 all 
arm-none-eabi-size  balancing\ robot_jian.elf 
   text	   data	    bss	    dec	    hex	filename
  28860	    140	   2516	  31516	   7b1c	balancing robot_jian.elf
Finished building: default.size.stdout
 
18:31:02 **** Incremental Build of configuration Debug for project balancing robot_jian ****
make -j8 all 
arm-none-eabi-gcc "../Core/Src/main.c" -mcpu=cortex-m4 -std=gnu11 -g3 -DDEBUG -DUSE_HAL_DRIVER -DSTM32F446xx -c -I../Core/Inc -I../Drivers/STM32F4xx_HAL_Driver/Inc -I../Drivers/STM32F4xx_HAL_Driver/Inc/Legacy -I../Drivers/CMSIS/Device/ST/STM32F4xx/Include -I../Drivers/CMSIS/Include -O0 -ffunction-sections -fdata-sections -Wall -fstack-usage -fcyclomatic-complexity -MMD -MP -MF"Core/Src/main.d" -MT"Core/Src/main.o" --specs=nano.specs -mfpu=fpv4-sp-d16 -mfloat-abi=hard -mthumb -o "Core/Src/main.o"
arm-none-eabi-gcc -o "balancing robot_jian.elf" @"objects.list"   -mcpu=cortex-m4 -T"C:\Users\chlqj\STM32CubeIDE\workspace_1.16.0\balancing robot_jian\STM32F446RETX_FLASH.ld" --specs=nosys.specs -Wl,-Map="balancing robot_jian.map" -Wl,--gc-sections -static --specs=nano.specs -mfpu=fpv4-sp-d16 -mfloat-abi=hard -mthumb -Wl,--start-group -lc -lm -Wl,--end-group
Finished building target: balancing robot_jian.elf
 
arm-none-eabi-size  balancing\ robot_jian.elf 
arm-none-eabi-objdump -h -S balancing\ robot_jian.elf  > "balancing robot_jian.list"
   text	   data	    bss	    dec	    hex	filename
  28860	    140	   2516	  31516	   7b1c	balancing robot_jian.elf
Finished building: default.size.stdout
 
Finished building: balancing robot_jian.list
 
18:33:21 **** Incremental Build of configuration Debug for project balancing robot_jian ****
make -j8 all 
arm-none-eabi-gcc "../Core/Src/main.c" -mcpu=cortex-m4 -std=gnu11 -g3 -DDEBUG -DUSE_HAL_DRIVER -DSTM32F446xx -c -I../Core/Inc -I../Drivers/STM32F4xx_HAL_Driver/Inc -I../Drivers/STM32F4xx_HAL_Driver/Inc/Legacy -I../Drivers/CMSIS/Device/ST/STM32F4xx/Include -I../Drivers/CMSIS/Include -O0 -ffunction-sections -fdata-sections -Wall -fstack-usage -fcyclomatic-complexity -MMD -MP -MF"Core/Src/main.d" -MT"Core/Src/main.o" --specs=nano.specs -mfpu=fpv4-sp-d16 -mfloat-abi=hard -mthumb -o "Core/Src/main.o"
arm-none-eabi-gcc -o "balancing robot_jian.elf" @"objects.list"   -mcpu=cortex-m4 -T"C:\Users\chlqj\STM32CubeIDE\workspace_1.16.0\balancing robot_jian\STM32F446RETX_FLASH.ld" --specs=nosys.specs -Wl,-Map="balancing robot_jian.map" -Wl,--gc-sections -static --specs=nano.specs -mfpu=fpv4-sp-d16 -mfloat-abi=hard -mthumb -Wl,--start-group -lc -lm -Wl,--end-group
Finished building target: balancing robot_jian.elf
 
arm-none-eabi-size  balancing\ robot_jian.elf 
arm-none-eabi-objdump -h -S balancing\ robot_jian.elf  > "balancing robot_jian.list"
   text	   data	    bss	    dec	    hex	filename
  28860	    140	   2516	  31516	   7b1c	balancing robot_jian.elf
Finished building: default.size.stdout
 
Finished building: balancing robot_jian.list
 
18:35:48 **** Incremental Build of configuration Debug for project balancing robot_jian ****
make -j8 all 
arm-none-eabi-size  balancing\ robot_jian.elf 
   text	   data	    bss	    dec	    hex	filename
  28860	    140	   2516	  31516	   7b1c	balancing robot_jian.elf
Finished building: default.size.stdout
 
18:35:52 **** Incremental Build of configuration Debug for project balancing robot_jian ****
make -j8 all 
arm-none-eabi-size  balancing\ robot_jian.elf 
   text	   data	    bss	    dec	    hex	filename
  28860	    140	   2516	  31516	   7b1c	balancing robot_jian.elf
Finished building: default.size.stdout
 
18:38:50 **** Incremental Build of configuration Debug for project balancing robot_jian ****
make -j8 all 
arm-none-eabi-gcc "../Core/Src/main.c" -mcpu=cortex-m4 -std=gnu11 -g3 -DDEBUG -DUSE_HAL_DRIVER -DSTM32F446xx -c -I../Core/Inc -I../Drivers/STM32F4xx_HAL_Driver/Inc -I../Drivers/STM32F4xx_HAL_Driver/Inc/Legacy -I../Drivers/CMSIS/Device/ST/STM32F4xx/Include -I../Drivers/CMSIS/Include -O0 -ffunction-sections -fdata-sections -Wall -fstack-usage -fcyclomatic-complexity -MMD -MP -MF"Core/Src/main.d" -MT"Core/Src/main.o" --specs=nano.specs -mfpu=fpv4-sp-d16 -mfloat-abi=hard -mthumb -o "Core/Src/main.o"
arm-none-eabi-gcc -o "balancing robot_jian.elf" @"objects.list"   -mcpu=cortex-m4 -T"C:\Users\chlqj\STM32CubeIDE\workspace_1.16.0\balancing robot_jian\STM32F446RETX_FLASH.ld" --specs=nosys.specs -Wl,-Map="balancing robot_jian.map" -Wl,--gc-sections -static --specs=nano.specs -mfpu=fpv4-sp-d16 -mfloat-abi=hard -mthumb -Wl,--start-group -lc -lm -Wl,--end-group
Finished building target: balancing robot_jian.elf
 
arm-none-eabi-size  balancing\ robot_jian.elf 
arm-none-eabi-objdump -h -S balancing\ robot_jian.elf  > "balancing robot_jian.list"
   text	   data	    bss	    dec	    hex	filename
  28860	    140	   2516	  31516	   7b1c	balancing robot_jian.elf
Finished building: default.size.stdout
 
Finished building: balancing robot_jian.list
 
18:46:24 **** Incremental Build of configuration Debug for project balancing robot_jian ****
make -j8 all 
arm-none-eabi-gcc "../Core/Src/main.c" -mcpu=cortex-m4 -std=gnu11 -g3 -DDEBUG -DUSE_HAL_DRIVER -DSTM32F446xx -c -I../Core/Inc -I../Drivers/STM32F4xx_HAL_Driver/Inc -I../Drivers/STM32F4xx_HAL_Driver/Inc/Legacy -I../Drivers/CMSIS/Device/ST/STM32F4xx/Include -I../Drivers/CMSIS/Include -O0 -ffunction-sections -fdata-sections -Wall -fstack-usage -fcyclomatic-complexity -MMD -MP -MF"Core/Src/main.d" -MT"Core/Src/main.o" --specs=nano.specs -mfpu=fpv4-sp-d16 -mfloat-abi=hard -mthumb -o "Core/Src/main.o"
arm-none-eabi-gcc -o "balancing robot_jian.elf" @"objects.list"   -mcpu=cortex-m4 -T"C:\Users\chlqj\STM32CubeIDE\workspace_1.16.0\balancing robot_jian\STM32F446RETX_FLASH.ld" --specs=nosys.specs -Wl,-Map="balancing robot_jian.map" -Wl,--gc-sections -static --specs=nano.specs -mfpu=fpv4-sp-d16 -mfloat-abi=hard -mthumb -Wl,--start-group -lc -lm -Wl,--end-group
Finished building target: balancing robot_jian.elf
 
arm-none-eabi-size  balancing\ robot_jian.elf 
arm-none-eabi-objdump -h -S balancing\ robot_jian.elf  > "balancing robot_jian.list"
   text	   data	    bss	    dec	    hex	filename
  28860	    140	   2516	  31516	   7b1c	balancing robot_jian.elf
Finished building: default.size.stdout
 
Finished building: balancing robot_jian.list
 
18:47:53 **** Incremental Build of configuration Debug for project balancing robot_jian ****
make -j8 all 
arm-none-eabi-gcc "../Core/Src/main.c" -mcpu=cortex-m4 -std=gnu11 -g3 -DDEBUG -DUSE_HAL_DRIVER -DSTM32F446xx -c -I../Core/Inc -I../Drivers/STM32F4xx_HAL_Driver/Inc -I../Drivers/STM32F4xx_HAL_Driver/Inc/Legacy -I../Drivers/CMSIS/Device/ST/STM32F4xx/Include -I../Drivers/CMSIS/Include -O0 -ffunction-sections -fdata-sections -Wall -fstack-usage -fcyclomatic-complexity -MMD -MP -MF"Core/Src/main.d" -MT"Core/Src/main.o" --specs=nano.specs -mfpu=fpv4-sp-d16 -mfloat-abi=hard -mthumb -o "Core/Src/main.o"
arm-none-eabi-gcc -o "balancing robot_jian.elf" @"objects.list"   -mcpu=cortex-m4 -T"C:\Users\chlqj\STM32CubeIDE\workspace_1.16.0\balancing robot_jian\STM32F446RETX_FLASH.ld" --specs=nosys.specs -Wl,-Map="balancing robot_jian.map" -Wl,--gc-sections -static --specs=nano.specs -mfpu=fpv4-sp-d16 -mfloat-abi=hard -mthumb -Wl,--start-group -lc -lm -Wl,--end-group
Finished building target: balancing robot_jian.elf
 
arm-none-eabi-size  balancing\ robot_jian.elf 
arm-none-eabi-objdump -h -S balancing\ robot_jian.elf  > "balancing robot_jian.list"
   text	   data	    bss	    dec	    hex	filename
  28860	    140	   2516	  31516	   7b1c	balancing robot_jian.elf
Finished building: default.size.stdout
 
Finished building: balancing robot_jian.list
 
18:53:51 **** Incremental Build of configuration Debug for project balancing robot_jian ****
make -j8 all 
arm-none-eabi-gcc "../Core/Src/main.c" -mcpu=cortex-m4 -std=gnu11 -g3 -DDEBUG -DUSE_HAL_DRIVER -DSTM32F446xx -c -I../Core/Inc -I../Drivers/STM32F4xx_HAL_Driver/Inc -I../Drivers/STM32F4xx_HAL_Driver/Inc/Legacy -I../Drivers/CMSIS/Device/ST/STM32F4xx/Include -I../Drivers/CMSIS/Include -O0 -ffunction-sections -fdata-sections -Wall -fstack-usage -fcyclomatic-complexity -MMD -MP -MF"Core/Src/main.d" -MT"Core/Src/main.o" --specs=nano.specs -mfpu=fpv4-sp-d16 -mfloat-abi=hard -mthumb -o "Core/Src/main.o"
arm-none-eabi-gcc -o "balancing robot_jian.elf" @"objects.list"   -mcpu=cortex-m4 -T"C:\Users\chlqj\STM32CubeIDE\workspace_1.16.0\balancing robot_jian\STM32F446RETX_FLASH.ld" --specs=nosys.specs -Wl,-Map="balancing robot_jian.map" -Wl,--gc-sections -static --specs=nano.specs -mfpu=fpv4-sp-d16 -mfloat-abi=hard -mthumb -Wl,--start-group -lc -lm -Wl,--end-group
Finished building target: balancing robot_jian.elf
 
arm-none-eabi-size  balancing\ robot_jian.elf 
arm-none-eabi-objdump -h -S balancing\ robot_jian.elf  > "balancing robot_jian.list"
   text	   data	    bss	    dec	    hex	filename
  28860	    140	   2516	  31516	   7b1c	balancing robot_jian.elf
Finished building: default.size.stdout
 
Finished building: balancing robot_jian.list
 
19:01:59 **** Incremental Build of configuration Debug for project balancing robot_jian ****
make -j8 all 
arm-none-eabi-gcc "../Core/Src/main.c" -mcpu=cortex-m4 -std=gnu11 -g3 -DDEBUG -DUSE_HAL_DRIVER -DSTM32F446xx -c -I../Core/Inc -I../Drivers/STM32F4xx_HAL_Driver/Inc -I../Drivers/STM32F4xx_HAL_Driver/Inc/Legacy -I../Drivers/CMSIS/Device/ST/STM32F4xx/Include -I../Drivers/CMSIS/Include -O0 -ffunction-sections -fdata-sections -Wall -fstack-usage -fcyclomatic-complexity -MMD -MP -MF"Core/Src/main.d" -MT"Core/Src/main.o" --specs=nano.specs -mfpu=fpv4-sp-d16 -mfloat-abi=hard -mthumb -o "Core/Src/main.o"
arm-none-eabi-gcc -o "balancing robot_jian.elf" @"objects.list"   -mcpu=cortex-m4 -T"C:\Users\chlqj\STM32CubeIDE\workspace_1.16.0\balancing robot_jian\STM32F446RETX_FLASH.ld" --specs=nosys.specs -Wl,-Map="balancing robot_jian.map" -Wl,--gc-sections -static --specs=nano.specs -mfpu=fpv4-sp-d16 -mfloat-abi=hard -mthumb -Wl,--start-group -lc -lm -Wl,--end-group
Finished building target: balancing robot_jian.elf
 
arm-none-eabi-size  balancing\ robot_jian.elf 
arm-none-eabi-objdump -h -S balancing\ robot_jian.elf  > "balancing robot_jian.list"
   text	   data	    bss	    dec	    hex	filename
  28860	    140	   2516	  31516	   7b1c	balancing robot_jian.elf
Finished building: default.size.stdout
 
Finished building: balancing robot_jian.list
 
19:14:24 **** Incremental Build of configuration Debug for project balancing robot_jian ****
make -j8 all 
arm-none-eabi-gcc "../Core/Src/main.c" -mcpu=cortex-m4 -std=gnu11 -g3 -DDEBUG -DUSE_HAL_DRIVER -DSTM32F446xx -c -I../Core/Inc -I../Drivers/STM32F4xx_HAL_Driver/Inc -I../Drivers/STM32F4xx_HAL_Driver/Inc/Legacy -I../Drivers/CMSIS/Device/ST/STM32F4xx/Include -I../Drivers/CMSIS/Include -O0 -ffunction-sections -fdata-sections -Wall -fstack-usage -fcyclomatic-complexity -MMD -MP -MF"Core/Src/main.d" -MT"Core/Src/main.o" --specs=nano.specs -mfpu=fpv4-sp-d16 -mfloat-abi=hard -mthumb -o "Core/Src/main.o"
arm-none-eabi-gcc -o "balancing robot_jian.elf" @"objects.list"   -mcpu=cortex-m4 -T"C:\Users\chlqj\STM32CubeIDE\workspace_1.16.0\balancing robot_jian\STM32F446RETX_FLASH.ld" --specs=nosys.specs -Wl,-Map="balancing robot_jian.map" -Wl,--gc-sections -static --specs=nano.specs -mfpu=fpv4-sp-d16 -mfloat-abi=hard -mthumb -Wl,--start-group -lc -lm -Wl,--end-group
Finished building target: balancing robot_jian.elf
 
arm-none-eabi-size  balancing\ robot_jian.elf 
arm-none-eabi-objdump -h -S balancing\ robot_jian.elf  > "balancing robot_jian.list"
   text	   data	    bss	    dec	    hex	filename
  28860	    140	   2516	  31516	   7b1c	balancing robot_jian.elf
Finished building: default.size.stdout
 
Finished building: balancing robot_jian.list
 
19:15:51 **** Incremental Build of configuration Debug for project balancing robot_jian ****
make -j8 all 
arm-none-eabi-size  balancing\ robot_jian.elf 
   text	   data	    bss	    dec	    hex	filename
  28860	    140	   2516	  31516	   7b1c	balancing robot_jian.elf
Finished building: default.size.stdout
 
19:23:25 **** Incremental Build of configuration Debug for project balancing robot_jian ****
make -j8 all 
arm-none-eabi-size  balancing\ robot_jian.elf 
   text	   data	    bss	    dec	    hex	filename
  28860	    140	   2516	  31516	   7b1c	balancing robot_jian.elf
Finished building: default.size.stdout
 
