23:41:34 **** Incremental Build of configuration Debug for project Test2 ****
make -j8 all 
arm-none-eabi-gcc "../Core/Src/main.c" -mcpu=cortex-m4 -std=gnu11 -g3 -DDEBUG -DUSE_HAL_DRIVER -DSTM32F446xx -c -I../Core/Inc -I../Drivers/STM32F4xx_HAL_Driver/Inc -I../Drivers/STM32F4xx_HAL_Driver/Inc/Legacy -I../Drivers/CMSIS/Device/ST/STM32F4xx/Include -I../Drivers/CMSIS/Include -O0 -ffunction-sections -fdata-sections -Wall -fstack-usage -fcyclomatic-complexity -MMD -MP -MF"Core/Src/main.d" -MT"Core/Src/main.o" --specs=nano.specs -mfpu=fpv4-sp-d16 -mfloat-abi=hard -mthumb -o "Core/Src/main.o"
arm-none-eabi-gcc -o "Test2.elf" @"objects.list"   -mcpu=cortex-m4 -T"C:\Users\chlqj\STM32CubeIDE\workspace_1.16.0\Test2\STM32F446RETX_FLASH.ld" --specs=nosys.specs -Wl,-Map="Test2.map" -Wl,--gc-sections -static --specs=nano.specs -mfpu=fpv4-sp-d16 -mfloat-abi=hard -mthumb -Wl,--start-group -lc -lm -Wl,--end-group
Finished building target: Test2.elf
 
arm-none-eabi-size  Test2.elf 
arm-none-eabi-objdump -h -S Test2.elf  > "Test2.list"
   text	   data	    bss	    dec	    hex	filename
  11436	     12	   1684	  13132	   334c	Test2.elf
Finished building: default.size.stdout
 
Finished building: Test2.list
 

23:41:36 Build Finished. 0 errors, 0 warnings. (took 2s.557ms)

